Archive member included because of file (symbol)

c:/siliconlabs/simplicitystudio/v4/developer/toolchains/gnu_arm/4.9_2015q3/bin/../lib/gcc/arm-none-eabi/4.9.3/armv7-m\libgcc.a(_aeabi_uldivmod.o)
                              ./emlib/em_usart.o (__aeabi_uldivmod)
c:/siliconlabs/simplicitystudio/v4/developer/toolchains/gnu_arm/4.9_2015q3/bin/../lib/gcc/arm-none-eabi/4.9.3/armv7-m\libgcc.a(bpabi.o)
                              c:/siliconlabs/simplicitystudio/v4/developer/toolchains/gnu_arm/4.9_2015q3/bin/../lib/gcc/arm-none-eabi/4.9.3/armv7-m\libgcc.a(_aeabi_uldivmod.o) (__gnu_uldivmod_helper)
c:/siliconlabs/simplicitystudio/v4/developer/toolchains/gnu_arm/4.9_2015q3/bin/../lib/gcc/arm-none-eabi/4.9.3/armv7-m\libgcc.a(_dvmd_tls.o)
                              c:/siliconlabs/simplicitystudio/v4/developer/toolchains/gnu_arm/4.9_2015q3/bin/../lib/gcc/arm-none-eabi/4.9.3/armv7-m\libgcc.a(_aeabi_uldivmod.o) (__aeabi_ldiv0)
c:/siliconlabs/simplicitystudio/v4/developer/toolchains/gnu_arm/4.9_2015q3/bin/../lib/gcc/arm-none-eabi/4.9.3/armv7-m\libgcc.a(_divdi3.o)
                              c:/siliconlabs/simplicitystudio/v4/developer/toolchains/gnu_arm/4.9_2015q3/bin/../lib/gcc/arm-none-eabi/4.9.3/armv7-m\libgcc.a(bpabi.o) (__divdi3)
c:/siliconlabs/simplicitystudio/v4/developer/toolchains/gnu_arm/4.9_2015q3/bin/../lib/gcc/arm-none-eabi/4.9.3/armv7-m\libgcc.a(_udivdi3.o)
                              c:/siliconlabs/simplicitystudio/v4/developer/toolchains/gnu_arm/4.9_2015q3/bin/../lib/gcc/arm-none-eabi/4.9.3/armv7-m\libgcc.a(bpabi.o) (__udivdi3)
c:/siliconlabs/simplicitystudio/v4/developer/toolchains/gnu_arm/4.9_2015q3/bin/../lib/gcc/arm-none-eabi/4.9.3/../../../../arm-none-eabi/lib/armv7-m\libc_nano.a(lib_a-abs.o)
                              ./Drivers/segmentlcd.o (abs)
c:/siliconlabs/simplicitystudio/v4/developer/toolchains/gnu_arm/4.9_2015q3/bin/../lib/gcc/arm-none-eabi/4.9.3/../../../../arm-none-eabi/lib/armv7-m\libc_nano.a(lib_a-exit.o)
                              c:/siliconlabs/simplicitystudio/v4/developer/toolchains/gnu_arm/4.9_2015q3/bin/../lib/gcc/arm-none-eabi/4.9.3/../../../../arm-none-eabi/lib/armv7-m/crt0.o (exit)
c:/siliconlabs/simplicitystudio/v4/developer/toolchains/gnu_arm/4.9_2015q3/bin/../lib/gcc/arm-none-eabi/4.9.3/../../../../arm-none-eabi/lib/armv7-m\libc_nano.a(lib_a-fileno.o)
                              ./Drivers/retargetio.o (fileno)
c:/siliconlabs/simplicitystudio/v4/developer/toolchains/gnu_arm/4.9_2015q3/bin/../lib/gcc/arm-none-eabi/4.9.3/../../../../arm-none-eabi/lib/armv7-m\libc_nano.a(lib_a-findfp.o)
                              c:/siliconlabs/simplicitystudio/v4/developer/toolchains/gnu_arm/4.9_2015q3/bin/../lib/gcc/arm-none-eabi/4.9.3/../../../../arm-none-eabi/lib/armv7-m\libc_nano.a(lib_a-fileno.o) (__sinit)
c:/siliconlabs/simplicitystudio/v4/developer/toolchains/gnu_arm/4.9_2015q3/bin/../lib/gcc/arm-none-eabi/4.9.3/../../../../arm-none-eabi/lib/armv7-m\libc_nano.a(lib_a-fwalk.o)
                              c:/siliconlabs/simplicitystudio/v4/developer/toolchains/gnu_arm/4.9_2015q3/bin/../lib/gcc/arm-none-eabi/4.9.3/../../../../arm-none-eabi/lib/armv7-m\libc_nano.a(lib_a-findfp.o) (_fwalk)
c:/siliconlabs/simplicitystudio/v4/developer/toolchains/gnu_arm/4.9_2015q3/bin/../lib/gcc/arm-none-eabi/4.9.3/../../../../arm-none-eabi/lib/armv7-m\libc_nano.a(lib_a-impure.o)
                              c:/siliconlabs/simplicitystudio/v4/developer/toolchains/gnu_arm/4.9_2015q3/bin/../lib/gcc/arm-none-eabi/4.9.3/../../../../arm-none-eabi/lib/armv7-m\libc_nano.a(lib_a-exit.o) (_global_impure_ptr)
c:/siliconlabs/simplicitystudio/v4/developer/toolchains/gnu_arm/4.9_2015q3/bin/../lib/gcc/arm-none-eabi/4.9.3/../../../../arm-none-eabi/lib/armv7-m\libc_nano.a(lib_a-init.o)
                              c:/siliconlabs/simplicitystudio/v4/developer/toolchains/gnu_arm/4.9_2015q3/bin/../lib/gcc/arm-none-eabi/4.9.3/../../../../arm-none-eabi/lib/armv7-m/crt0.o (__libc_init_array)
c:/siliconlabs/simplicitystudio/v4/developer/toolchains/gnu_arm/4.9_2015q3/bin/../lib/gcc/arm-none-eabi/4.9.3/../../../../arm-none-eabi/lib/armv7-m\libc_nano.a(lib_a-memcpy.o)
                              ./BSP/bsp_stk.o (memcpy)
c:/siliconlabs/simplicitystudio/v4/developer/toolchains/gnu_arm/4.9_2015q3/bin/../lib/gcc/arm-none-eabi/4.9.3/../../../../arm-none-eabi/lib/armv7-m\libc_nano.a(lib_a-memset.o)
                              c:/siliconlabs/simplicitystudio/v4/developer/toolchains/gnu_arm/4.9_2015q3/bin/../lib/gcc/arm-none-eabi/4.9.3/../../../../arm-none-eabi/lib/armv7-m/crt0.o (memset)
c:/siliconlabs/simplicitystudio/v4/developer/toolchains/gnu_arm/4.9_2015q3/bin/../lib/gcc/arm-none-eabi/4.9.3/../../../../arm-none-eabi/lib/armv7-m\libc_nano.a(lib_a-nano-mallocr.o)
                              c:/siliconlabs/simplicitystudio/v4/developer/toolchains/gnu_arm/4.9_2015q3/bin/../lib/gcc/arm-none-eabi/4.9.3/../../../../arm-none-eabi/lib/armv7-m\libc_nano.a(lib_a-findfp.o) (_malloc_r)
[...]
Memory Configuration

Name             Origin             Length             Attributes
FLASH            0x00000000         0x00100000         xr
RAM              0x20000000         0x00020000         xrw
*default*        0x00000000         0xffffffff

Linker script and memory map

LOAD c:/siliconlabs/simplicitystudio/v4/developer/toolchains/gnu_arm/4.9_2015q3/bin/../lib/gcc/arm-none-eabi/4.9.3/armv7-m/crti.o
LOAD c:/siliconlabs/simplicitystudio/v4/developer/toolchains/gnu_arm/4.9_2015q3/bin/../lib/gcc/arm-none-eabi/4.9.3/armv7-m/crtbegin.o
LOAD c:/siliconlabs/simplicitystudio/v4/developer/toolchains/gnu_arm/4.9_2015q3/bin/../lib/gcc/arm-none-eabi/4.9.3/../../../../arm-none-eabi/lib/armv7-m/crt0.o
LOAD ./BSP/bsp_bcc.o
LOAD ./BSP/bsp_stk.o
LOAD ./BSP/bsp_stk_buttons.o
LOAD ./BSP/bsp_stk_leds.o
LOAD ./BSP/bsp_trace.o
LOAD ./CMSIS/EFM32GG/startup_efm32gg.o
LOAD ./CMSIS/EFM32GG/system_efm32gg.o
LOAD ./Drivers/retargetio.o
LOAD ./Drivers/retargetserial.o
LOAD ./Drivers/segmentlcd.o
LOAD ./emlib/em_assert.o
LOAD ./emlib/em_cmu.o
LOAD ./emlib/em_core.o
LOAD ./emlib/em_ebi.o
LOAD ./emlib/em_emu.o
LOAD ./emlib/em_gpio.o
LOAD ./emlib/em_lcd.o
LOAD ./emlib/em_system.o
LOAD ./emlib/em_usart.o
LOAD ./src/InitDevice.o
LOAD ./src/main.o
START GROUP
LOAD c:/siliconlabs/simplicitystudio/v4/developer/toolchains/gnu_arm/4.9_2015q3/bin/../lib/gcc/arm-none-eabi/4.9.3/armv7-m\libgcc.a
LOAD c:/siliconlabs/simplicitystudio/v4/developer/toolchains/gnu_arm/4.9_2015q3/bin/../lib/gcc/arm-none-eabi/4.9.3/../../../../arm-none-eabi/lib/armv7-m\libc_nano.a
LOAD c:/siliconlabs/simplicitystudio/v4/developer/toolchains/gnu_arm/4.9_2015q3/bin/../lib/gcc/arm-none-eabi/4.9.3/../../../../arm-none-eabi/lib/armv7-m\libnosys.a
END GROUP
START GROUP
LOAD c:/siliconlabs/simplicitystudio/v4/developer/toolchains/gnu_arm/4.9_2015q3/bin/../lib/gcc/arm-none-eabi/4.9.3/armv7-m\libgcc.a
LOAD c:/siliconlabs/simplicitystudio/v4/developer/toolchains/gnu_arm/4.9_2015q3/bin/../lib/gcc/arm-none-eabi/4.9.3/../../../../arm-none-eabi/lib/armv7-m\libg_nano.a
LOAD c:/siliconlabs/simplicitystudio/v4/developer/toolchains/gnu_arm/4.9_2015q3/bin/../lib/gcc/arm-none-eabi/4.9.3/../../../../arm-none-eabi/lib/armv7-m\libc_nano.a
END GROUP
START GROUP
LOAD c:/siliconlabs/simplicitystudio/v4/developer/toolchains/gnu_arm/4.9_2015q3/bin/../lib/gcc/arm-none-eabi/4.9.3/armv7-m\libgcc.a
LOAD c:/siliconlabs/simplicitystudio/v4/developer/toolchains/gnu_arm/4.9_2015q3/bin/../lib/gcc/arm-none-eabi/4.9.3/../../../../arm-none-eabi/lib/armv7-m\libc_nano.a
END GROUP
LOAD c:/siliconlabs/simplicitystudio/v4/developer/toolchains/gnu_arm/4.9_2015q3/bin/../lib/gcc/arm-none-eabi/4.9.3/armv7-m/crtend.o
LOAD c:/siliconlabs/simplicitystudio/v4/developer/toolchains/gnu_arm/4.9_2015q3/bin/../lib/gcc/arm-none-eabi/4.9.3/armv7-m/crtn.o

.text           0x00000000     0x26ec
 *(.vectors)
 .vectors       0x00000000       0xdc ./CMSIS/EFM32GG/startup_efm32gg.o
                0x00000000                __Vectors
                0x000000dc                __Vectors_End = .
                0x000000dc                __Vectors_Size = (__Vectors_End - __Vectors)
                0x000000dc                __end__ = .
 *(.text*)
 .text          0x000000dc       0x5c c:/siliconlabs/simplicitystudio/v4/developer/toolchains/gnu_arm/4.9_2015q3/bin/../lib/gcc/arm-none-eabi/4.9.3/armv7-m/crtbegin.o
 .text          0x00000138       0x74 c:/siliconlabs/simplicitystudio/v4/developer/toolchains/gnu_arm/4.9_2015q3/bin/../lib/gcc/arm-none-eabi/4.9.3/../../../../arm-none-eabi/lib/armv7-m/crt0.o
                0x00000138                _start
                0x00000138                _mainCRTStartup
 .text          0x000001ac       0x30 ./CMSIS/EFM32GG/startup_efm32gg.o
                0x000001ac                Reset_Handler
                0x000001d8                DebugMon_Handler
                0x000001d8                USART0_TX_IRQHandler
                0x000001d8                I2C0_IRQHandler
                0x000001d8                HardFault_Handler
                0x000001d8                LEUART1_IRQHandler
                0x000001d8                SysTick_Handler
                0x000001d8                USART1_RX_IRQHandler
                0x000001d8                PendSV_Handler
                0x000001d8                NMI_Handler
                0x000001d8                I2C1_IRQHandler
                0x000001d8                TIMER3_IRQHandler
                0x000001d8                USART1_TX_IRQHandler
                0x000001d8                MSC_IRQHandler
                0x000001d8                ADC0_IRQHandler
                0x000001d8                UsageFault_Handler
                0x000001d8                LEUART0_IRQHandler
                0x000001d8                GPIO_EVEN_IRQHandler
                0x000001d8                UART0_TX_IRQHandler
                0x000001d8                UART1_TX_IRQHandler
                0x000001d8                RTC_IRQHandler
                0x000001d8                TIMER0_IRQHandler
                0x000001d8                TIMER2_IRQHandler
                0x000001d8                LCD_IRQHandler
                0x000001d8                PCNT2_IRQHandler
                0x000001d8                LETIMER0_IRQHandler
                0x000001d8                TIMER1_IRQHandler
                0x000001d8                USART2_RX_IRQHandler
                0x000001d8                Default_Handler
                0x000001d8                EMU_IRQHandler
                0x000001d8                PCNT0_IRQHandler
                0x000001d8                USB_IRQHandler
                0x000001d8                BURTC_IRQHandler
                0x000001d8                PCNT1_IRQHandler
                0x000001d8                ACMP0_IRQHandler
                0x000001d8                USART0_RX_IRQHandler
                0x000001d8                MemManage_Handler
                0x000001d8                SVC_Handler
                0x000001d8                DAC0_IRQHandler
                0x000001d8                UART1_RX_IRQHandler
                0x000001d8                CMU_IRQHandler
                0x000001d8                EBI_IRQHandler
                0x000001d8                LESENSE_IRQHandler
                0x000001d8                GPIO_ODD_IRQHandler
                0x000001d8                AES_IRQHandler
                0x000001d8                VCMP_IRQHandler
                0x000001d8                DMA_IRQHandler
                0x000001d8                BusFault_Handler
                0x000001d8                USART2_TX_IRQHandler
 .text.GetProdRev
                0x000001dc       0x1c ./CMSIS/EFM32GG/system_efm32gg.o
 .text.SystemCoreClockGet
                0x000001f8       0x34 ./CMSIS/EFM32GG/system_efm32gg.o
                0x000001f8                SystemCoreClockGet
 .text.SystemMaxCoreClockGet
                0x0000022c       0x14 ./CMSIS/EFM32GG/system_efm32gg.o
                0x0000022c                SystemMaxCoreClockGet
 .text.SystemHFClockGet
                0x00000240      0x100 ./CMSIS/EFM32GG/system_efm32gg.o
                0x00000240                SystemHFClockGet
 .text.SystemHFXOClockGet
                0x00000340       0x18 ./CMSIS/EFM32GG/system_efm32gg.o
                0x00000340                SystemHFXOClockGet
 .text.SystemHFXOClockSet
                0x00000358       0x2c ./CMSIS/EFM32GG/system_efm32gg.o
                0x00000358                SystemHFXOClockSet
 .text.SystemInit
                0x00000384        0xc ./CMSIS/EFM32GG/system_efm32gg.o
                0x00000384                SystemInit
 .text.SystemLFRCOClockGet
                0x00000390       0x14 ./CMSIS/EFM32GG/system_efm32gg.o
                0x00000390                SystemLFRCOClockGet
 .text.SystemULFRCOClockGet
                0x000003a4       0x14 ./CMSIS/EFM32GG/system_efm32gg.o
                0x000003a4                SystemULFRCOClockGet
 .text.SystemLFXOClockGet
                0x000003b8       0x18 ./CMSIS/EFM32GG/system_efm32gg.o
                0x000003b8                SystemLFXOClockGet
 .text._exit    0x000003d0        0xc ./Drivers/retargetio.o
                0x000003d0                _exit
 .text.UART0_RX_IRQHandler
                0x000003dc       0x74 ./Drivers/retargetserial.o
                0x000003dc                UART0_RX_IRQHandler
 .text.LCD_FreezeEnable
                0x00000450       0x2c ./Drivers/segmentlcd.o
 .text.LCD_SyncBusyDelay
                0x0000047c       0x24 ./Drivers/segmentlcd.o
 .text.LCD_IntDisable
                0x000004a0       0x24 ./Drivers/segmentlcd.o
 .text.SegmentLCD_AllOff
                0x000004c4       0xac ./Drivers/segmentlcd.o
                0x000004c4                SegmentLCD_AllOff
 .text.SegmentLCD_AlphaNumberOff
                0x00000570       0xa8 ./Drivers/segmentlcd.o
                0x00000570                SegmentLCD_AlphaNumberOff
 .text.SegmentLCD_Init
                0x00000618       0xb8 ./Drivers/segmentlcd.o
                0x00000618                SegmentLCD_Init
 .text.displaySegmentField
                0x000006d0       0xa4 ./Drivers/segmentlcd.o
                0x000006d0                displaySegmentField
 .text.assertEFM
                0x00000774        0xc ./emlib/em_assert.o
                0x00000774                assertEFM
 .text.BUS_RegBitWrite
                0x00000780       0x2c ./emlib/em_cmu.o
 .text.BUS_RegBitRead
                0x000007ac       0x2c ./emlib/em_cmu.o
 .text.CMU_DivToLog2
                0x000007d8       0x3c ./emlib/em_cmu.o
 .text.SYSTEM_GetProdRev
                0x00000814       0x1c ./emlib/em_cmu.o
 .text.SYSTEM_GetFamily
                0x00000830       0x20 ./emlib/em_cmu.o
 .text.maxFreqHfle
                0x00000850       0x84 ./emlib/em_cmu.o
 .text.setHfLeConfig
                0x000008d4       0x60 ./emlib/em_cmu.o
 .text.getHfLeConfig
                0x00000934       0x20 ./emlib/em_cmu.o
 .text.auxClkGet
                0x00000954       0xc0 ./emlib/em_cmu.o
 .text.dbgClkGet
                0x00000a14       0x4c ./emlib/em_cmu.o
 .text.flashWaitStateControl
                0x00000a60       0xb8 ./emlib/em_cmu.o
 .text.flashWaitStateMax
                0x00000b18       0x14 ./emlib/em_cmu.o
 .text.CMU_UpdateWaitStates
                0x00000b2c       0x18 ./emlib/em_cmu.o
                0x00000b2c                CMU_UpdateWaitStates
 .text.lfClkGet
                0x00000b44      0x10c ./emlib/em_cmu.o
 .text.syncReg  0x00000c50       0x34 ./emlib/em_cmu.o
 .text.usbCClkGet
                0x00000c84       0x4c ./emlib/em_cmu.o
 .text.CMU_ClockDivSet
                0x00000cd0      0x2c4 ./emlib/em_cmu.o
                0x00000cd0                CMU_ClockDivSet
 .text.CMU_ClockEnable
                0x00000f94       0xdc ./emlib/em_cmu.o
                0x00000f94                CMU_ClockEnable
 .text.CMU_ClockFreqGet
                0x00001070      0x1e4 ./emlib/em_cmu.o
                0x00001070                CMU_ClockFreqGet
 .text.CMU_ClockSelectGet
                0x00001254      0x168 ./emlib/em_cmu.o
                0x00001254                CMU_ClockSelectGet
 .text.CMU_ClockSelectSet
                0x000013bc      0x2d8 ./emlib/em_cmu.o
                0x000013bc                CMU_ClockSelectSet
 .text.CMU_LCDClkFDIVSet
                0x00001694       0x4c ./emlib/em_cmu.o
                0x00001694                CMU_LCDClkFDIVSet
 .text.CMU_OscillatorEnable
                0x000016e0       0xc8 ./emlib/em_cmu.o
                0x000016e0                CMU_OscillatorEnable
 .text.LCD_Enable
                0x000017a8       0x38 ./emlib/em_lcd.o
 .text.BUS_RegBitWrite
                0x000017e0       0x2c ./emlib/em_lcd.o
 .text.LCD_Init
                0x0000180c       0x88 ./emlib/em_lcd.o
                0x0000180c                LCD_Init
 .text.LCD_VLCDSelect
                0x00001894       0x44 ./emlib/em_lcd.o
                0x00001894                LCD_VLCDSelect
 .text.LCD_SegmentRangeEnable
                0x000018d8       0x40 ./emlib/em_lcd.o
                0x000018d8                LCD_SegmentRangeEnable
 .text.LCD_SegmentSet
                0x00001918      0x214 ./emlib/em_lcd.o
                0x00001918                LCD_SegmentSet
 .text.LCD_SegmentSetLow
                0x00001b2c      0x198 ./emlib/em_lcd.o
                0x00001b2c                LCD_SegmentSetLow
 .text.LCD_SegmentSetHigh
                0x00001cc4      0x18c ./emlib/em_lcd.o
                0x00001cc4                LCD_SegmentSetHigh
 .text.LCD_VBoostSet
                0x00001e50       0x28 ./emlib/em_lcd.o
                0x00001e50                LCD_VBoostSet
 .text.SYSTEM_ChipRevisionGet
                0x00001e78       0x80 ./emlib/em_system.o
                0x00001e78                SYSTEM_ChipRevisionGet
 .text.USART_Rx
                0x00001ef8       0x28 ./emlib/em_usart.o
                0x00001ef8                USART_Rx
 .text.enter_DefaultMode_from_RESET
                0x00001f20       0x14 ./src/InitDevice.o
                0x00001f20                enter_DefaultMode_from_RESET
 .text.HFXO_enter_DefaultMode_from_RESET
                0x00001f34       0x2c ./src/InitDevice.o
                0x00001f34                HFXO_enter_DefaultMode_from_RESET
 .text.CMU_enter_DefaultMode_from_RESET
                0x00001f60       0x28 ./src/InitDevice.o
                0x00001f60                CMU_enter_DefaultMode_from_RESET
 .text.PORTIO_enter_DefaultMode_from_RESET
                0x00001f88        0xc ./src/InitDevice.o
                0x00001f88                PORTIO_enter_DefaultMode_from_RESET
 .text.SYSTEM_GetProdRev
                0x00001f94       0x1c ./src/main.o
 .text.CHIP_Init
                0x00001fb0       0x3c ./src/main.o
 .text.delay    0x00001fec       0x28 ./src/main.o
                0x00001fec                delay
 .text.main     0x00002014      0x278 ./src/main.o
                0x00002014                main
 .text.exit     0x0000228c       0x28 c:/siliconlabs/simplicitystudio/v4/developer/toolchains/gnu_arm/4.9_2015q3/bin/../lib/gcc/arm-none-eabi/4.9.3/../../../../arm-none-eabi/lib/armv7-m\libc_nano.a(lib_a-exit.o)
                0x0000228c                exit
 .text.__libc_init_array
                0x000022b4       0x4c c:/siliconlabs/simplicitystudio/v4/developer/toolchains/gnu_arm/4.9_2015q3/bin/../lib/gcc/arm-none-eabi/4.9.3/../../../../arm-none-eabi/lib/armv7-m\libc_nano.a(lib_a-init.o)
                0x000022b4                __libc_init_array
 .text.memset   0x00002300       0x10 c:/siliconlabs/simplicitystudio/v4/developer/toolchains/gnu_arm/4.9_2015q3/bin/../lib/gcc/arm-none-eabi/4.9.3/../../../../arm-none-eabi/lib/armv7-m\libc_nano.a(lib_a-memset.o)
                0x00002300                memset
 *(.init)
 .init          0x00002310        0x4 c:/siliconlabs/simplicitystudio/v4/developer/toolchains/gnu_arm/4.9_2015q3/bin/../lib/gcc/arm-none-eabi/4.9.3/armv7-m/crti.o
                0x00002310                _init
 .init          0x00002314        0x8 c:/siliconlabs/simplicitystudio/v4/developer/toolchains/gnu_arm/4.9_2015q3/bin/../lib/gcc/arm-none-eabi/4.9.3/armv7-m/crtn.o
 *(.fini)
 .fini          0x0000231c        0x4 c:/siliconlabs/simplicitystudio/v4/developer/toolchains/gnu_arm/4.9_2015q3/bin/../lib/gcc/arm-none-eabi/4.9.3/armv7-m/crti.o
                0x0000231c                _fini
 .fini          0x00002320        0x8 c:/siliconlabs/simplicitystudio/v4/developer/toolchains/gnu_arm/4.9_2015q3/bin/../lib/gcc/arm-none-eabi/4.9.3/armv7-m/crtn.o
 *crtbegin.o(.ctors)
 *crtbegin?.o(.ctors)
 *(EXCLUDE_FILE(*crtend.o *crtend?.o) .ctors)
 *(SORT(.ctors.*))
 *(.ctors)
 *crtbegin.o(.dtors)
 *crtbegin?.o(.dtors)
 *(EXCLUDE_FILE(*crtend.o *crtend?.o) .dtors)
 *(SORT(.dtors.*))
 *(.dtors)
 *(.rodata*)
 .rodata.EFM_Display
                0x00002328      0x1fe ./Drivers/segmentlcd.o
 *fill*         0x00002526        0x2 
 .rodata.lcdInit
                0x00002528       0x14 ./Drivers/segmentlcd.o
 .rodata        0x0000253c       0xc7 ./emlib/em_cmu.o
 *fill*         0x00002603        0x1 
 .rodata        0x00002604       0x12 ./emlib/em_lcd.o
 *fill*         0x00002616        0x2 
 .rodata        0x00002618       0x66 ./emlib/em_system.o
 *fill*         0x0000267e        0x2 
 .rodata.__sf_fake_stdin
                0x00002680       0x20 c:/siliconlabs/simplicitystudio/v4/developer/toolchains/gnu_arm/4.9_2015q3/bin/../lib/gcc/arm-none-eabi/4.9.3/../../../../arm-none-eabi/lib/armv7-m\libc_nano.a(lib_a-findfp.o)
                0x00002680                __sf_fake_stdin
 .rodata.__sf_fake_stdout
                0x000026a0       0x20 c:/siliconlabs/simplicitystudio/v4/developer/toolchains/gnu_arm/4.9_2015q3/bin/../lib/gcc/arm-none-eabi/4.9.3/../../../../arm-none-eabi/lib/armv7-m\libc_nano.a(lib_a-findfp.o)
                0x000026a0                __sf_fake_stdout
 .rodata.__sf_fake_stderr
                0x000026c0       0x20 c:/siliconlabs/simplicitystudio/v4/developer/toolchains/gnu_arm/4.9_2015q3/bin/../lib/gcc/arm-none-eabi/4.9.3/../../../../arm-none-eabi/lib/armv7-m\libc_nano.a(lib_a-findfp.o)
                0x000026c0                __sf_fake_stderr
 .rodata.str1.1
                0x000026e0        0x2 c:/siliconlabs/simplicitystudio/v4/developer/toolchains/gnu_arm/4.9_2015q3/bin/../lib/gcc/arm-none-eabi/4.9.3/../../../../arm-none-eabi/lib/armv7-m\libc_nano.a(lib_a-impure.o)
 *fill*         0x000026e2        0x2 
 .rodata._global_impure_ptr
                0x000026e4        0x4 c:/siliconlabs/simplicitystudio/v4/developer/toolchains/gnu_arm/4.9_2015q3/bin/../lib/gcc/arm-none-eabi/4.9.3/../../../../arm-none-eabi/lib/armv7-m\libc_nano.a(lib_a-impure.o)
                0x000026e4                _global_impure_ptr
 *(.eh_frame*)
 .eh_frame      0x000026e8        0x0 c:/siliconlabs/simplicitystudio/v4/developer/toolchains/gnu_arm/4.9_2015q3/bin/../lib/gcc/arm-none-eabi/4.9.3/armv7-m/crtbegin.o
 .eh_frame      0x000026e8        0x4 c:/siliconlabs/simplicitystudio/v4/developer/toolchains/gnu_arm/4.9_2015q3/bin/../lib/gcc/arm-none-eabi/4.9.3/armv7-m/crtend.o

.glue_7         0x000026ec        0x0
 .glue_7        0x00000000        0x0 linker stubs

.glue_7t        0x000026ec        0x0
 .glue_7t       0x00000000        0x0 linker stubs

.vfp11_veneer   0x000026ec        0x0
 .vfp11_veneer  0x00000000        0x0 linker stubs

.v4_bx          0x000026ec        0x0
 .v4_bx         0x00000000        0x0 linker stubs

.iplt           0x000026ec        0x0
 .iplt          0x00000000        0x0 c:/siliconlabs/simplicitystudio/v4/developer/toolchains/gnu_arm/4.9_2015q3/bin/../lib/gcc/arm-none-eabi/4.9.3/armv7-m/crtbegin.o

.ARM.extab
 *(.ARM.extab* .gnu.linkonce.armextab.*)
                0x000026ec                __exidx_start = .

.ARM.exidx      0x000026ec        0x8
 *(.ARM.exidx* .gnu.linkonce.armexidx.*)
 .ARM.exidx     0x000026ec        0x8 c:/siliconlabs/simplicitystudio/v4/developer/toolchains/gnu_arm/4.9_2015q3/bin/../lib/gcc/arm-none-eabi/4.9.3/../../../../arm-none-eabi/lib/armv7-m/crt0.o
                0x000026f4                __exidx_end = .
                0x000026f4                __etext = .

.rel.dyn        0x000026f4        0x0
 .rel.iplt      0x00000000        0x0 c:/siliconlabs/simplicitystudio/v4/developer/toolchains/gnu_arm/4.9_2015q3/bin/../lib/gcc/arm-none-eabi/4.9.3/armv7-m/crtbegin.o

.data           0x20000000       0x78 load address 0x000026f4
                0x20000000                __data_start__ = .
 *(vtable)
 *(.data*)
 .data.SystemHFXOClock
                0x20000000        0x4 ./CMSIS/EFM32GG/system_efm32gg.o
 .data.SystemLFXOClock
                0x20000004        0x4 ./CMSIS/EFM32GG/system_efm32gg.o
 .data.SystemCoreClock
                0x20000008        0x4 ./CMSIS/EFM32GG/system_efm32gg.o
                0x20000008                SystemCoreClock
 .data.impure_data
                0x2000000c       0x60 c:/siliconlabs/simplicitystudio/v4/developer/toolchains/gnu_arm/4.9_2015q3/bin/../lib/gcc/arm-none-eabi/4.9.3/../../../../arm-none-eabi/lib/armv7-m\libc_nano.a(lib_a-impure.o)
                0x2000006c                . = ALIGN (0x4)
 *(.ram)
                0x2000006c                . = ALIGN (0x4)
                0x2000006c                PROVIDE (__preinit_array_start, .)
 *(.preinit_array)
                0x2000006c                PROVIDE (__preinit_array_end, .)
                0x2000006c                . = ALIGN (0x4)
                0x2000006c                PROVIDE (__init_array_start, .)
 *(SORT(.init_array.*))
 *(.init_array)
 .init_array    0x2000006c        0x4 c:/siliconlabs/simplicitystudio/v4/developer/toolchains/gnu_arm/4.9_2015q3/bin/../lib/gcc/arm-none-eabi/4.9.3/armv7-m/crtbegin.o
                0x20000070                PROVIDE (__init_array_end, .)
                0x20000070                . = ALIGN (0x4)
                0x20000070                PROVIDE (__fini_array_start, .)
 *(SORT(.fini_array.*))
 *(.fini_array)
 .fini_array    0x20000070        0x4 c:/siliconlabs/simplicitystudio/v4/developer/toolchains/gnu_arm/4.9_2015q3/bin/../lib/gcc/arm-none-eabi/4.9.3/armv7-m/crtbegin.o
                0x20000074                PROVIDE (__fini_array_end, .)
 *(.jcr*)
 .jcr           0x20000074        0x0 c:/siliconlabs/simplicitystudio/v4/developer/toolchains/gnu_arm/4.9_2015q3/bin/../lib/gcc/arm-none-eabi/4.9.3/armv7-m/crtbegin.o
 .jcr           0x20000074        0x4 c:/siliconlabs/simplicitystudio/v4/developer/toolchains/gnu_arm/4.9_2015q3/bin/../lib/gcc/arm-none-eabi/4.9.3/armv7-m/crtend.o
                0x20000078                . = ALIGN (0x4)
                0x20000078                __data_end__ = .

.igot.plt       0x20000078        0x0 load address 0x0000276c
 .igot.plt      0x00000000        0x0 c:/siliconlabs/simplicitystudio/v4/developer/toolchains/gnu_arm/4.9_2015q3/bin/../lib/gcc/arm-none-eabi/4.9.3/armv7-m/crtbegin.o

.bss            0x20000078       0x30 load address 0x0000276c
                0x20000078                . = ALIGN (0x4)
                0x20000078                __bss_start__ = .
 *(.bss*)
 .bss           0x20000078       0x1c c:/siliconlabs/simplicitystudio/v4/developer/toolchains/gnu_arm/4.9_2015q3/bin/../lib/gcc/arm-none-eabi/4.9.3/armv7-m/crtbegin.o
 .bss.rxReadIndex
                0x20000094        0x4 ./Drivers/retargetserial.o
 .bss.rxWriteIndex
                0x20000098        0x4 ./Drivers/retargetserial.o
 .bss.rxCount   0x2000009c        0x4 ./Drivers/retargetserial.o
 .bss.rxBuffer  0x200000a0        0x8 ./Drivers/retargetserial.o
 *(COMMON)
                0x200000a8                . = ALIGN (0x4)
                0x200000a8                __bss_end__ = .

.heap           0x200000a8      0xc00
                0x200000a8                __HeapBase = .
                0x200000a8                __end__ = .
                0x200000a8                end = __end__
                0x200000a8                _end = __end__
 *(.heap*)
 .heap          0x200000a8      0xc00 ./CMSIS/EFM32GG/startup_efm32gg.o
                0x20000ca8                __HeapLimit = .

.stack_dummy    0x200000a8      0x400
 *(.stack*)
 .stack         0x200000a8      0x400 ./CMSIS/EFM32GG/startup_efm32gg.o
                0x20020000                __StackTop = (ORIGIN (RAM) + 0x20000)
                0x2001fc00                __StackLimit = (__StackTop - SIZEOF (.stack_dummy))
                0x20020000                PROVIDE (__stack, __StackTop)
                0x00000001                ASSERT ((__StackLimit >= __HeapLimit), region RAM overflowed with stack)
                0x00000001                ASSERT ((0x100000 >= (__etext + SIZEOF (.data))), FLASH memory overflowed !)
OUTPUT(STK3700_blink.axf elf32-littlearm)

.ARM.attributes
                0x00000000       0x29
 .ARM.attributes
                0x00000000       0x1d c:/siliconlabs/simplicitystudio/v4/developer/toolchains/gnu_arm/4.9_2015q3/bin/../lib/gcc/arm-none-eabi/4.9.3/armv7-m/crti.o
 .ARM.attributes
                0x0000001d       0x2d c:/siliconlabs/simplicitystudio/v4/developer/toolchains/gnu_arm/4.9_2015q3/bin/../lib/gcc/arm-none-eabi/4.9.3/armv7-m/crtbegin.o
 .ARM.attributes
                0x0000004a       0x1b c:/siliconlabs/simplicitystudio/v4/developer/toolchains/gnu_arm/4.9_2015q3/bin/../lib/gcc/arm-none-eabi/4.9.3/../../../../arm-none-eabi/lib/armv7-m/crt0.o
 .ARM.attributes
                0x00000065       0x1b ./CMSIS/EFM32GG/startup_efm32gg.o
 .ARM.attributes
                0x00000080       0x33 ./CMSIS/EFM32GG/system_efm32gg.o
 .ARM.attributes
                0x000000b3       0x33 ./Drivers/retargetio.o
 .ARM.attributes
                0x000000e6       0x33 ./Drivers/retargetserial.o
 .ARM.attributes
                0x00000119       0x33 ./Drivers/segmentlcd.o
 .ARM.attributes
                0x0000014c       0x33 ./emlib/em_assert.o
 .ARM.attributes
                0x0000017f       0x33 ./emlib/em_cmu.o
 .ARM.attributes
                0x000001b2       0x33 ./emlib/em_lcd.o
 .ARM.attributes
                0x000001e5       0x33 ./emlib/em_system.o
 .ARM.attributes
                0x00000218       0x33 ./emlib/em_usart.o
 .ARM.attributes
                0x0000024b       0x33 ./src/InitDevice.o
 .ARM.attributes
                0x0000027e       0x33 ./src/main.o
 .ARM.attributes
                0x000002b1       0x2d c:/siliconlabs/simplicitystudio/v4/developer/toolchains/gnu_arm/4.9_2015q3/bin/../lib/gcc/arm-none-eabi/4.9.3/../../../../arm-none-eabi/lib/armv7-m\libc_nano.a(lib_a-exit.o)
 .ARM.attributes
                0x000002de       0x2d c:/siliconlabs/simplicitystudio/v4/developer/toolchains/gnu_arm/4.9_2015q3/bin/../lib/gcc/arm-none-eabi/4.9.3/../../../../arm-none-eabi/lib/armv7-m\libc_nano.a(lib_a-findfp.o)
 .ARM.attributes
                0x0000030b       0x2d c:/siliconlabs/simplicitystudio/v4/developer/toolchains/gnu_arm/4.9_2015q3/bin/../lib/gcc/arm-none-eabi/4.9.3/../../../../arm-none-eabi/lib/armv7-m\libc_nano.a(lib_a-impure.o)
 .ARM.attributes
                0x00000338       0x2d c:/siliconlabs/simplicitystudio/v4/developer/toolchains/gnu_arm/4.9_2015q3/bin/../lib/gcc/arm-none-eabi/4.9.3/../../../../arm-none-eabi/lib/armv7-m\libc_nano.a(lib_a-init.o)
 .ARM.attributes
                0x00000365       0x2d c:/siliconlabs/simplicitystudio/v4/developer/toolchains/gnu_arm/4.9_2015q3/bin/../lib/gcc/arm-none-eabi/4.9.3/../../../../arm-none-eabi/lib/armv7-m\libc_nano.a(lib_a-memset.o)
 .ARM.attributes
                0x00000392       0x2d c:/siliconlabs/simplicitystudio/v4/developer/toolchains/gnu_arm/4.9_2015q3/bin/../lib/gcc/arm-none-eabi/4.9.3/armv7-m/crtend.o
 .ARM.attributes
                0x000003bf       0x1d c:/siliconlabs/simplicitystudio/v4/developer/toolchains/gnu_arm/4.9_2015q3/bin/../lib/gcc/arm-none-eabi/4.9.3/armv7-m/crtn.o

.comment        0x00000000       0x70
 .comment       0x00000000       0x70 ./CMSIS/EFM32GG/system_efm32gg.o
                                 0x71 (size before relaxing)
 .comment       0x00000000       0x71 ./Drivers/retargetio.o
 .comment       0x00000000       0x71 ./Drivers/retargetserial.o
 .comment       0x00000000       0x71 ./Drivers/segmentlcd.o
 .comment       0x00000000       0x71 ./emlib/em_assert.o
 .comment       0x00000000       0x71 ./emlib/em_cmu.o
 .comment       0x00000000       0x71 ./emlib/em_lcd.o
 .comment       0x00000000       0x71 ./emlib/em_system.o
 .comment       0x00000000       0x71 ./emlib/em_usart.o
 .comment       0x00000000       0x71 ./src/InitDevice.o
 .comment       0x00000000       0x71 ./src/main.o

.debug_line     0x00000000     0x3777
 .debug_line    0x00000000       0xd3 ./CMSIS/EFM32GG/startup_efm32gg.o
 .debug_line    0x000000d3      0x389 ./CMSIS/EFM32GG/system_efm32gg.o
 .debug_line    0x0000045c      0x391 ./Drivers/retargetio.o
 .debug_line    0x000007ed      0x4a2 ./Drivers/retargetserial.o
 .debug_line    0x00000c8f      0x756 ./Drivers/segmentlcd.o
 .debug_line    0x000013e5       0x9b ./emlib/em_assert.o
 .debug_line    0x00001480      0xb1d ./emlib/em_cmu.o
 .debug_line    0x00001f9d      0x505 ./emlib/em_lcd.o
 .debug_line    0x000024a2      0x318 ./emlib/em_system.o
 .debug_line    0x000027ba      0x65b ./emlib/em_usart.o
 .debug_line    0x00002e15      0x514 ./src/InitDevice.o
 .debug_line    0x00003329      0x44e ./src/main.o

.debug_info     0x00000000     0x78c2
 .debug_info    0x00000000       0xe2 ./CMSIS/EFM32GG/startup_efm32gg.o
 .debug_info    0x000000e2      0x57e ./CMSIS/EFM32GG/system_efm32gg.o
 .debug_info    0x00000660      0xde4 ./Drivers/retargetio.o
 .debug_info    0x00001444     0x13e4 ./Drivers/retargetserial.o
 .debug_info    0x00002828     0x1345 ./Drivers/segmentlcd.o
 .debug_info    0x00003b6d       0x76 ./emlib/em_assert.o
 .debug_info    0x00003be3     0x154b ./emlib/em_cmu.o
 .debug_info    0x0000512e      0xa3a ./emlib/em_lcd.o
 .debug_info    0x00005b68      0x272 ./emlib/em_system.o
 .debug_info    0x00005dda      0xebb ./emlib/em_usart.o
 .debug_info    0x00006c95      0x7b7 ./src/InitDevice.o
 .debug_info    0x0000744c      0x476 ./src/main.o

.debug_abbrev   0x00000000     0x1222
 .debug_abbrev  0x00000000       0x14 ./CMSIS/EFM32GG/startup_efm32gg.o
 .debug_abbrev  0x00000014      0x16b ./CMSIS/EFM32GG/system_efm32gg.o
 .debug_abbrev  0x0000017f      0x25a ./Drivers/retargetio.o
 .debug_abbrev  0x000003d9      0x273 ./Drivers/retargetserial.o
 .debug_abbrev  0x0000064c      0x1b3 ./Drivers/segmentlcd.o
 .debug_abbrev  0x000007ff       0x63 ./emlib/em_assert.o
 .debug_abbrev  0x00000862      0x2cf ./emlib/em_cmu.o
 .debug_abbrev  0x00000b31      0x1a6 ./emlib/em_lcd.o
 .debug_abbrev  0x00000cd7      0x107 ./emlib/em_system.o
 .debug_abbrev  0x00000dde      0x1c5 ./emlib/em_usart.o
 .debug_abbrev  0x00000fa3       0xf3 ./src/InitDevice.o
 .debug_abbrev  0x00001096      0x18c ./src/main.o

.debug_aranges  0x00000000      0x6a8
 .debug_aranges
                0x00000000       0x20 ./CMSIS/EFM32GG/startup_efm32gg.o
 .debug_aranges
                0x00000020       0x70 ./CMSIS/EFM32GG/system_efm32gg.o
 .debug_aranges
                0x00000090       0x68 ./Drivers/retargetio.o
 .debug_aranges
                0x000000f8       0x60 ./Drivers/retargetserial.o
 .debug_aranges
                0x00000158       0xc8 ./Drivers/segmentlcd.o
 .debug_aranges
                0x00000220       0x20 ./emlib/em_assert.o
 .debug_aranges
                0x00000240      0x170 ./emlib/em_cmu.o
 .debug_aranges
                0x000003b0       0xa0 ./emlib/em_lcd.o
 .debug_aranges
                0x00000450       0x28 ./emlib/em_system.o
 .debug_aranges
                0x00000478       0xb8 ./emlib/em_usart.o
 .debug_aranges
                0x00000530      0x140 ./src/InitDevice.o
 .debug_aranges
                0x00000670       0x38 ./src/main.o

.debug_loc      0x00000000     0x34da
 .debug_loc     0x00000000      0x31c ./CMSIS/EFM32GG/system_efm32gg.o
 .debug_loc     0x0000031c      0x338 ./Drivers/retargetio.o
 .debug_loc     0x00000654      0x2e8 ./Drivers/retargetserial.o
 .debug_loc     0x0000093c      0x65c ./Drivers/segmentlcd.o
 .debug_loc     0x00000f98       0x38 ./emlib/em_assert.o
 .debug_loc     0x00000fd0      0xd40 ./emlib/em_cmu.o
 .debug_loc     0x00001d10      0x5b0 ./emlib/em_lcd.o
 .debug_loc     0x000022c0       0xac ./emlib/em_system.o
 .debug_loc     0x0000236c      0x6ba ./emlib/em_usart.o
 .debug_loc     0x00002a26      0x98c ./src/InitDevice.o
 .debug_loc     0x000033b2      0x128 ./src/main.o

.debug_ranges   0x00000000      0x5d8
 .debug_ranges  0x00000000       0x60 ./CMSIS/EFM32GG/system_efm32gg.o
 .debug_ranges  0x00000060       0x58 ./Drivers/retargetio.o
 .debug_ranges  0x000000b8       0x50 ./Drivers/retargetserial.o
 .debug_ranges  0x00000108       0xb8 ./Drivers/segmentlcd.o
 .debug_ranges  0x000001c0       0x10 ./emlib/em_assert.o
 .debug_ranges  0x000001d0      0x160 ./emlib/em_cmu.o
 .debug_ranges  0x00000330       0x90 ./emlib/em_lcd.o
 .debug_ranges  0x000003c0       0x18 ./emlib/em_system.o
 .debug_ranges  0x000003d8       0xa8 ./emlib/em_usart.o
 .debug_ranges  0x00000480      0x130 ./src/InitDevice.o
 .debug_ranges  0x000005b0       0x28 ./src/main.o

.debug_str      0x00000000     0x376c
 .debug_str     0x00000000      0x449 ./CMSIS/EFM32GG/system_efm32gg.o
                                0x4c9 (size before relaxing)
 .debug_str     0x00000449      0x585 ./Drivers/retargetio.o
                                0x76e (size before relaxing)
 .debug_str     0x000009ce      0xbaf ./Drivers/retargetserial.o
                               0x11b9 (size before relaxing)
 .debug_str     0x0000157d      0x8a1 ./Drivers/segmentlcd.o
                                0xe2b (size before relaxing)
 .debug_str     0x00001e1e       0x70 ./emlib/em_assert.o
                                0x150 (size before relaxing)
 .debug_str     0x00001e8e      0x9ff ./emlib/em_cmu.o
                               0x1091 (size before relaxing)
 .debug_str     0x0000288d      0x34e ./emlib/em_lcd.o
                                0x8da (size before relaxing)
 .debug_str     0x00002bdb       0xfd ./emlib/em_system.o
                                0x2e4 (size before relaxing)
 .debug_str     0x00002cd8      0x5f4 ./emlib/em_usart.o
                                0xe02 (size before relaxing)
 .debug_str     0x000032cc      0x473 ./src/InitDevice.o
                                0xb06 (size before relaxing)
 .debug_str     0x0000373f       0x2d ./src/main.o
                                0x34b (size before relaxing)

.debug_frame    0x00000000     0x1a9c
 .debug_frame   0x00000000      0x180 ./CMSIS/EFM32GG/system_efm32gg.o
 .debug_frame   0x00000180      0x184 ./Drivers/retargetio.o
 .debug_frame   0x00000304      0x168 ./Drivers/retargetserial.o
 .debug_frame   0x0000046c      0x310 ./Drivers/segmentlcd.o
 .debug_frame   0x0000077c       0x2c ./emlib/em_assert.o
 .debug_frame   0x000007a8      0x62c ./emlib/em_cmu.o
 .debug_frame   0x00000dd4      0x294 ./emlib/em_lcd.o
 .debug_frame   0x00001068       0x5c ./emlib/em_system.o
 .debug_frame   0x000010c4      0x308 ./emlib/em_usart.o
 .debug_frame   0x000013cc      0x4a4 ./src/InitDevice.o
 .debug_frame   0x00001870       0x9c ./src/main.o
 .debug_frame   0x0000190c       0x28 c:/siliconlabs/simplicitystudio/v4/developer/toolchains/gnu_arm/4.9_2015q3/bin/../lib/gcc/arm-none-eabi/4.9.3/../../../../arm-none-eabi/lib/armv7-m\libc_nano.a(lib_a-exit.o)
 .debug_frame   0x00001934      0x11c c:/siliconlabs/simplicitystudio/v4/developer/toolchains/gnu_arm/4.9_2015q3/bin/../lib/gcc/arm-none-eabi/4.9.3/../../../../arm-none-eabi/lib/armv7-m\libc_nano.a(lib_a-findfp.o)
 .debug_frame   0x00001a50       0x2c c:/siliconlabs/simplicitystudio/v4/developer/toolchains/gnu_arm/4.9_2015q3/bin/../lib/gcc/arm-none-eabi/4.9.3/../../../../arm-none-eabi/lib/armv7-m\libc_nano.a(lib_a-init.o)
 .debug_frame   0x00001a7c       0x20 c:/siliconlabs/simplicitystudio/v4/developer/toolchains/gnu_arm/4.9_2015q3/bin/../lib/gcc/arm-none-eabi/4.9.3/../../../../arm-none-eabi/lib/armv7-m\libc_nano.a(lib_a-memset.o)
