Archive member included because of file (symbol)

c:/siliconlabs/simplicitystudio/v4/developer/toolchains/gnu_arm/4.9_2015q3/bin/../lib/gcc/arm-none-eabi/4.9.3/../../../../arm-none-eabi/lib/armv7-m\libc_nano.a(lib_a-abs.o)
                              ./src/segmentlcd.o (abs)
c:/siliconlabs/simplicitystudio/v4/developer/toolchains/gnu_arm/4.9_2015q3/bin/../lib/gcc/arm-none-eabi/4.9.3/../../../../arm-none-eabi/lib/armv7-m\libc_nano.a(lib_a-exit.o)
                              c:/siliconlabs/simplicitystudio/v4/developer/toolchains/gnu_arm/4.9_2015q3/bin/../lib/gcc/arm-none-eabi/4.9.3/../../../../arm-none-eabi/lib/armv7-m/crt0.o (exit)
c:/siliconlabs/simplicitystudio/v4/developer/toolchains/gnu_arm/4.9_2015q3/bin/../lib/gcc/arm-none-eabi/4.9.3/../../../../arm-none-eabi/lib/armv7-m\libc_nano.a(lib_a-impure.o)
                              c:/siliconlabs/simplicitystudio/v4/developer/toolchains/gnu_arm/4.9_2015q3/bin/../lib/gcc/arm-none-eabi/4.9.3/../../../../arm-none-eabi/lib/armv7-m\libc_nano.a(lib_a-exit.o) (_global_impure_ptr)
c:/siliconlabs/simplicitystudio/v4/developer/toolchains/gnu_arm/4.9_2015q3/bin/../lib/gcc/arm-none-eabi/4.9.3/../../../../arm-none-eabi/lib/armv7-m\libc_nano.a(lib_a-init.o)
                              c:/siliconlabs/simplicitystudio/v4/developer/toolchains/gnu_arm/4.9_2015q3/bin/../lib/gcc/arm-none-eabi/4.9.3/../../../../arm-none-eabi/lib/armv7-m/crt0.o (__libc_init_array)
c:/siliconlabs/simplicitystudio/v4/developer/toolchains/gnu_arm/4.9_2015q3/bin/../lib/gcc/arm-none-eabi/4.9.3/../../../../arm-none-eabi/lib/armv7-m\libc_nano.a(lib_a-memset.o)
                              c:/siliconlabs/simplicitystudio/v4/developer/toolchains/gnu_arm/4.9_2015q3/bin/../lib/gcc/arm-none-eabi/4.9.3/../../../../arm-none-eabi/lib/armv7-m/crt0.o (memset)
c:/siliconlabs/simplicitystudio/v4/developer/toolchains/gnu_arm/4.9_2015q3/bin/../lib/gcc/arm-none-eabi/4.9.3/../../../../arm-none-eabi/lib/armv7-m\libc_nano.a(lib_a-strlen.o)
                              ./src/segmentlcd.o (strlen)
c:/siliconlabs/simplicitystudio/v4/developer/toolchains/gnu_arm/4.9_2015q3/bin/../lib/gcc/arm-none-eabi/4.9.3/../../../../arm-none-eabi/lib/armv7-m\libnosys.a(_exit.o)
                              c:/siliconlabs/simplicitystudio/v4/developer/toolchains/gnu_arm/4.9_2015q3/bin/../lib/gcc/arm-none-eabi/4.9.3/../../../../arm-none-eabi/lib/armv7-m\libc_nano.a(lib_a-exit.o) (_exit)

Allocating common symbols
Common symbol       size              file

Food                0x2               ./src/main.o
Game                0x1               ./src/main.o
Dir                 0x1               ./src/main.o
LastDir             0x1               ./src/main.o
Length              0x1               ./src/main.o
FoodPossibilities   0x4a              ./src/main.o
NewDir              0x1               ./src/main.o
DisplayData         0x62              ./src/main.o
Snake               0x3c              ./src/main.o

Discarded input sections

 .text          0x00000000        0x0 c:/siliconlabs/simplicitystudio/v4/developer/toolchains/gnu_arm/4.9_2015q3/bin/../lib/gcc/arm-none-eabi/4.9.3/armv7-m/crti.o
 .data          0x00000000        0x0 c:/siliconlabs/simplicitystudio/v4/developer/toolchains/gnu_arm/4.9_2015q3/bin/../lib/gcc/arm-none-eabi/4.9.3/armv7-m/crti.o
 .bss           0x00000000        0x0 c:/siliconlabs/simplicitystudio/v4/developer/toolchains/gnu_arm/4.9_2015q3/bin/../lib/gcc/arm-none-eabi/4.9.3/armv7-m/crti.o
 .data          0x00000000        0x4 c:/siliconlabs/simplicitystudio/v4/developer/toolchains/gnu_arm/4.9_2015q3/bin/../lib/gcc/arm-none-eabi/4.9.3/armv7-m/crtbegin.o
 .data          0x00000000        0x0 c:/siliconlabs/simplicitystudio/v4/developer/toolchains/gnu_arm/4.9_2015q3/bin/../lib/gcc/arm-none-eabi/4.9.3/../../../../arm-none-eabi/lib/armv7-m/crt0.o
 .bss           0x00000000        0x0 c:/siliconlabs/simplicitystudio/v4/developer/toolchains/gnu_arm/4.9_2015q3/bin/../lib/gcc/arm-none-eabi/4.9.3/../../../../arm-none-eabi/lib/armv7-m/crt0.o
 .ARM.extab     0x00000000        0x0 c:/siliconlabs/simplicitystudio/v4/developer/toolchains/gnu_arm/4.9_2015q3/bin/../lib/gcc/arm-none-eabi/4.9.3/../../../../arm-none-eabi/lib/armv7-m/crt0.o
 .text          0x00000000        0x0 ./src/DisplayFunctions.o
 .data          0x00000000        0x0 ./src/DisplayFunctions.o
 .bss           0x00000000        0x0 ./src/DisplayFunctions.o
 .text          0x00000000        0x0 ./src/GameFunctions.o
 .data          0x00000000        0x0 ./src/GameFunctions.o
 .bss           0x00000000        0x0 ./src/GameFunctions.o
 .rodata.EFM_Display
                0x00000000      0x1fe ./src/GameFunctions.o
 .text          0x00000000        0x0 ./src/InitDevice.o
 .data          0x00000000        0x0 ./src/InitDevice.o
 .bss           0x00000000        0x0 ./src/InitDevice.o
 .rodata.EFM_Display
                0x00000000      0x1fe ./src/InitDevice.o
 .text.LFXO_enter_DefaultMode_from_RESET
                0x00000000        0xc ./src/InitDevice.o
 .text.ACMP0_enter_DefaultMode_from_RESET
                0x00000000        0xc ./src/InitDevice.o
 .text.ACMP1_enter_DefaultMode_from_RESET
                0x00000000        0xc ./src/InitDevice.o
 .text.DAC0_enter_DefaultMode_from_RESET
                0x00000000        0xc ./src/InitDevice.o
 .text.BURTC_enter_DefaultMode_from_RESET
                0x00000000        0xc ./src/InitDevice.o
 .text.RTC_enter_DefaultMode_from_RESET
                0x00000000        0xc ./src/InitDevice.o
 .text.OPAMP0_enter_DefaultMode_from_RESET
                0x00000000        0xc ./src/InitDevice.o
 .text.OPAMP1_enter_DefaultMode_from_RESET
                0x00000000        0xc ./src/InitDevice.o
 .text.OPAMP2_enter_DefaultMode_from_RESET
                0x00000000        0xc ./src/InitDevice.o
 .text.USART0_enter_DefaultMode_from_RESET
                0x00000000        0xc ./src/InitDevice.o
 .text.USART1_enter_DefaultMode_from_RESET
                0x00000000        0xc ./src/InitDevice.o
 .text.USART2_enter_DefaultMode_from_RESET
                0x00000000        0xc ./src/InitDevice.o
 .text.UART0_enter_DefaultMode_from_RESET
                0x00000000        0xc ./src/InitDevice.o
 .text.UART1_enter_DefaultMode_from_RESET
                0x00000000        0xc ./src/InitDevice.o
 .text.LEUART0_enter_DefaultMode_from_RESET
                0x00000000        0xc ./src/InitDevice.o
 .text.LEUART1_enter_DefaultMode_from_RESET
                0x00000000        0xc ./src/InitDevice.o
 .text.VCMP_enter_DefaultMode_from_RESET
                0x00000000        0xc ./src/InitDevice.o
 .text.WDOG_enter_DefaultMode_from_RESET
                0x00000000        0xc ./src/InitDevice.o
 .text.I2C0_enter_DefaultMode_from_RESET
                0x00000000        0xc ./src/InitDevice.o
 .text.I2C1_enter_DefaultMode_from_RESET
                0x00000000        0xc ./src/InitDevice.o
 .text.LCD_enter_DefaultMode_from_RESET
                0x00000000        0xc ./src/InitDevice.o
 .text.TIMER1_enter_DefaultMode_from_RESET
                0x00000000        0xc ./src/InitDevice.o
 .text.TIMER2_enter_DefaultMode_from_RESET
                0x00000000        0xc ./src/InitDevice.o
 .text.TIMER3_enter_DefaultMode_from_RESET
                0x00000000        0xc ./src/InitDevice.o
 .text.LETIMER0_enter_DefaultMode_from_RESET
                0x00000000        0xc ./src/InitDevice.o
 .text.PCNT0_enter_DefaultMode_from_RESET
                0x00000000        0xc ./src/InitDevice.o
 .text.PCNT1_enter_DefaultMode_from_RESET
                0x00000000        0xc ./src/InitDevice.o
 .text.PCNT2_enter_DefaultMode_from_RESET
                0x00000000        0xc ./src/InitDevice.o
 .text.PRS_enter_DefaultMode_from_RESET
                0x00000000        0xc ./src/InitDevice.o
 .text.ETM_enter_DefaultMode_from_RESET
                0x00000000        0xc ./src/InitDevice.o
 .text.EBI_enter_DefaultMode_from_RESET
                0x00000000        0xc ./src/InitDevice.o
 .text          0x00000000        0x0 ./src/main.o
 .data          0x00000000        0x0 ./src/main.o
 .bss           0x00000000        0x0 ./src/main.o
 .rodata.EFM_Display
                0x00000000      0x1fe ./src/main.o
 .text          0x00000000        0x0 ./src/segmentlcd.o
 .data          0x00000000        0x0 ./src/segmentlcd.o
 .bss           0x00000000        0x0 ./src/segmentlcd.o
 .text.LCD_Enable
                0x00000000       0x38 ./src/segmentlcd.o
 .text.LCD_FreezeEnable
                0x00000000       0x2c ./src/segmentlcd.o
 .rodata.EFM_Display
                0x00000000      0x1fe ./src/segmentlcd.o
 .rodata.EFM_Alphabet
                0x00000000       0xb8 ./src/segmentlcd.o
 .rodata.EFM_Numbers
                0x00000000       0x22 ./src/segmentlcd.o
 .rodata.Blocks
                0x00000000        0x8 ./src/segmentlcd.o
 .rodata.signIndex
                0x00000000        0x2 ./src/segmentlcd.o
 .text.SegmentLCD_AllOn
                0x00000000       0xcc ./src/segmentlcd.o
 .text.SegmentLCD_ARing
                0x00000000       0x54 ./src/segmentlcd.o
 .text.SegmentLCD_Battery
                0x00000000       0x78 ./src/segmentlcd.o
 .text.SegmentLCD_Block
                0x00000000       0x30 ./src/segmentlcd.o
 .text.SegmentLCD_Disable
                0x00000000       0x28 ./src/segmentlcd.o
 .text.SegmentLCD_EnergyMode
                0x00000000       0x50 ./src/segmentlcd.o
 .text.SegmentLCD_LowerHex
                0x00000000       0x98 ./src/segmentlcd.o
 .rodata        0x00000000        0x8 ./src/segmentlcd.o
 .text.SegmentLCD_LowerNumber
                0x00000000       0xc4 ./src/segmentlcd.o
 .text.SegmentLCD_Number
                0x00000000      0x124 ./src/segmentlcd.o
 .text.SegmentLCD_NumberOff
                0x00000000       0x50 ./src/segmentlcd.o
 .text.SegmentLCD_Symbol
                0x00000000      0x130 ./src/segmentlcd.o
 .text.SegmentLCD_UnsignedHex
                0x00000000       0xc8 ./src/segmentlcd.o
 .text.SegmentLCD_Write
                0x00000000       0xd8 ./src/segmentlcd.o
 .text.displayBlock
                0x00000000      0x114 ./src/segmentlcd.o
 .text.displaySegmentField
                0x00000000       0xa4 ./src/segmentlcd.o
 .text          0x00000000        0x0 ./emlib/em_adc.o
 .data          0x00000000        0x0 ./emlib/em_adc.o
 .bss           0x00000000        0x0 ./emlib/em_adc.o
 .rodata.EFM_Display
                0x00000000      0x1fe ./emlib/em_adc.o
 .text.ADC_InitScan
                0x00000000       0xa4 ./emlib/em_adc.o
 .text.ADC_Reset
                0x00000000       0x54 ./emlib/em_adc.o
 .text          0x00000000        0x0 ./emlib/em_cmu.o
 .data          0x00000000        0x0 ./emlib/em_cmu.o
 .bss           0x00000000        0x0 ./emlib/em_cmu.o
 .rodata.EFM_Display
                0x00000000      0x1fe ./emlib/em_cmu.o
 .text.CMU_Log2ToDiv
                0x00000000       0x1c ./emlib/em_cmu.o
 .text.CMU_AUXHFRCOBandGet
                0x00000000       0x20 ./emlib/em_cmu.o
 .text.CMU_AUXHFRCOBandSet
                0x00000000       0xb0 ./emlib/em_cmu.o
 .text.CMU_Calibrate
                0x00000000       0x88 ./emlib/em_cmu.o
 .text.CMU_CalibrateConfig
                0x00000000       0xd8 ./emlib/em_cmu.o
 .text.CMU_CalibrateCountGet
                0x00000000       0x38 ./emlib/em_cmu.o
 .text.CMU_ClockDivGet
                0x00000000      0x174 ./emlib/em_cmu.o
 .text.CMU_FreezeEnable
                0x00000000       0x38 ./emlib/em_cmu.o
 .text.CMU_HFRCOBandGet
                0x00000000       0x20 ./emlib/em_cmu.o
 .text.CMU_HFRCOBandSet
                0x00000000       0xe4 ./emlib/em_cmu.o
 .text.CMU_HFRCOStartupDelayGet
                0x00000000       0x1c ./emlib/em_cmu.o
 .text.CMU_HFRCOStartupDelaySet
                0x00000000       0x30 ./emlib/em_cmu.o
 .text.CMU_LCDClkFDIVGet
                0x00000000       0x1c ./emlib/em_cmu.o
 .text.CMU_OscillatorTuningGet
                0x00000000       0x50 ./emlib/em_cmu.o
 .text.CMU_OscillatorTuningSet
                0x00000000       0x74 ./emlib/em_cmu.o
 .text.CMU_PCNTClockExternalGet
                0x00000000       0x60 ./emlib/em_cmu.o
 .text.CMU_PCNTClockExternalSet
                0x00000000       0x34 ./emlib/em_cmu.o
 .text          0x00000000        0x0 ./emlib/em_emu.o
 .data          0x00000000        0x0 ./emlib/em_emu.o
 .bss           0x00000000        0x0 ./emlib/em_emu.o
 .text.SystemCoreClockUpdate
                0x00000000        0xc ./emlib/em_emu.o
 .text.BUS_RegBitWrite
                0x00000000       0x2c ./emlib/em_emu.o
 .rodata.EFM_Display
                0x00000000      0x1fe ./emlib/em_emu.o
 .text.EMU_BUPinEnable
                0x00000000       0x20 ./emlib/em_emu.o
 .text.EMU_Unlock
                0x00000000       0x18 ./emlib/em_emu.o
 .text.getErrataFixEmuE107En
                0x00000000       0x64 ./emlib/em_emu.o
 .text.EMU_EnterEM2
                0x00000000       0x8c ./emlib/em_emu.o
 .text.EMU_EnterEM3
                0x00000000       0xb4 ./emlib/em_emu.o
 .text.EMU_Save
                0x00000000        0xc ./emlib/em_emu.o
 .text.EMU_Restore
                0x00000000        0xc ./emlib/em_emu.o
 .text.EMU_EnterEM4
                0x00000000       0x50 ./emlib/em_emu.o
 .text.EMU_MemPwrDown
                0x00000000       0x20 ./emlib/em_emu.o
 .text.EMU_RamPowerDown
                0x00000000       0x7c ./emlib/em_emu.o
 .text.EMU_EM23Init
                0x00000000       0x34 ./emlib/em_emu.o
 .text.EMU_EM4Init
                0x00000000       0x50 ./emlib/em_emu.o
 .text.EMU_BUPDInit
                0x00000000       0xd4 ./emlib/em_emu.o
 .text.EMU_BUThresholdSet
                0x00000000       0x4c ./emlib/em_emu.o
 .text.EMU_BUThresRangeSet
                0x00000000       0x50 ./emlib/em_emu.o
 .text          0x00000000        0x0 ./emlib/em_gpio.o
 .data          0x00000000        0x0 ./emlib/em_gpio.o
 .bss           0x00000000        0x0 ./emlib/em_gpio.o
 .text.BUS_RegBitWrite
                0x00000000       0x2c ./emlib/em_gpio.o
 .text.BUS_RegMaskedWrite
                0x00000000       0x28 ./emlib/em_gpio.o
 .text.GPIO_EM4SetPinRetention
                0x00000000       0x40 ./emlib/em_gpio.o
 .rodata.EFM_Display
                0x00000000      0x1fe ./emlib/em_gpio.o
 .text.GPIO_DbgLocationSet
                0x00000000       0x2c ./emlib/em_gpio.o
 .text.GPIO_DriveModeSet
                0x00000000       0x70 ./emlib/em_gpio.o
 .text.GPIO_ExtIntConfig
                0x00000000       0xd0 ./emlib/em_gpio.o
 .text.GPIO_PinModeGet
                0x00000000       0x8c ./emlib/em_gpio.o
 .text.GPIO_EM4EnablePinWakeup
                0x00000000       0x58 ./emlib/em_gpio.o
 .text          0x00000000        0x0 ./emlib/em_lcd.o
 .data          0x00000000        0x0 ./emlib/em_lcd.o
 .bss           0x00000000        0x0 ./emlib/em_lcd.o
 .text.LCD_AnimEnable
                0x00000000       0x38 ./emlib/em_lcd.o
 .text.LCD_FrameCountEnable
                0x00000000       0x38 ./emlib/em_lcd.o
 .rodata.EFM_Display
                0x00000000      0x1fe ./emlib/em_lcd.o
 .text.LCD_UpdateCtrl
                0x00000000       0x28 ./emlib/em_lcd.o
 .text.LCD_FrameCountInit
                0x00000000       0x48 ./emlib/em_lcd.o
 .text.LCD_AnimInit
                0x00000000       0x88 ./emlib/em_lcd.o
 .text.LCD_ContrastSet
                0x00000000       0x28 ./emlib/em_lcd.o
 .text.LCD_BiasSegmentSet
                0x00000000      0x104 ./emlib/em_lcd.o
 .text.LCD_BiasComSet
                0x00000000       0x40 ./emlib/em_lcd.o
 .text          0x00000000        0x0 ./emlib/em_system.o
 .data          0x00000000        0x0 ./emlib/em_system.o
 .bss           0x00000000        0x0 ./emlib/em_system.o
 .rodata.EFM_Display
                0x00000000      0x1fe ./emlib/em_system.o
 .text.SYSTEM_GetCalibrationValue
                0x00000000       0x5c ./emlib/em_system.o
 .text          0x00000000        0x0 ./emlib/em_timer.o
 .data          0x00000000        0x0 ./emlib/em_timer.o
 .bss           0x00000000        0x0 ./emlib/em_timer.o
 .rodata.EFM_Display
                0x00000000      0x1fe ./emlib/em_timer.o
 .text.TIMER_EnableDTI
                0x00000000       0x38 ./emlib/em_timer.o
 .text.TIMER_GetDTIFault
                0x00000000       0x1c ./emlib/em_timer.o
 .text.TIMER_ClearDTIFault
                0x00000000       0x1c ./emlib/em_timer.o
 .text.TIMER_InitCC
                0x00000000       0x9c ./emlib/em_timer.o
 .text.TIMER_InitDTI
                0x00000000      0x104 ./emlib/em_timer.o
 .text.TIMER_Reset
                0x00000000       0xa8 ./emlib/em_timer.o
 .data          0x00000000        0x0 ./CMSIS/EFM32GG/startup_gcc_efm32gg.o
 .bss           0x00000000        0x0 ./CMSIS/EFM32GG/startup_gcc_efm32gg.o
 .text          0x00000000        0x0 ./CMSIS/EFM32GG/system_efm32gg.o
 .data          0x00000000        0x0 ./CMSIS/EFM32GG/system_efm32gg.o
 .bss           0x00000000        0x0 ./CMSIS/EFM32GG/system_efm32gg.o
 .rodata.EFM_Display
                0x00000000      0x1fe ./CMSIS/EFM32GG/system_efm32gg.o
 .text.SystemLFXOClockSet
                0x00000000       0x2c ./CMSIS/EFM32GG/system_efm32gg.o
 .text          0x00000000        0x0 c:/siliconlabs/simplicitystudio/v4/developer/toolchains/gnu_arm/4.9_2015q3/bin/../lib/gcc/arm-none-eabi/4.9.3/../../../../arm-none-eabi/lib/armv7-m\libc_nano.a(lib_a-abs.o)
 .data          0x00000000        0x0 c:/siliconlabs/simplicitystudio/v4/developer/toolchains/gnu_arm/4.9_2015q3/bin/../lib/gcc/arm-none-eabi/4.9.3/../../../../arm-none-eabi/lib/armv7-m\libc_nano.a(lib_a-abs.o)
 .bss           0x00000000        0x0 c:/siliconlabs/simplicitystudio/v4/developer/toolchains/gnu_arm/4.9_2015q3/bin/../lib/gcc/arm-none-eabi/4.9.3/../../../../arm-none-eabi/lib/armv7-m\libc_nano.a(lib_a-abs.o)
 .text.abs      0x00000000        0x8 c:/siliconlabs/simplicitystudio/v4/developer/toolchains/gnu_arm/4.9_2015q3/bin/../lib/gcc/arm-none-eabi/4.9.3/../../../../arm-none-eabi/lib/armv7-m\libc_nano.a(lib_a-abs.o)
 .debug_frame   0x00000000       0x20 c:/siliconlabs/simplicitystudio/v4/developer/toolchains/gnu_arm/4.9_2015q3/bin/../lib/gcc/arm-none-eabi/4.9.3/../../../../arm-none-eabi/lib/armv7-m\libc_nano.a(lib_a-abs.o)
 .ARM.attributes
                0x00000000       0x2d c:/siliconlabs/simplicitystudio/v4/developer/toolchains/gnu_arm/4.9_2015q3/bin/../lib/gcc/arm-none-eabi/4.9.3/../../../../arm-none-eabi/lib/armv7-m\libc_nano.a(lib_a-abs.o)
 .text          0x00000000        0x0 c:/siliconlabs/simplicitystudio/v4/developer/toolchains/gnu_arm/4.9_2015q3/bin/../lib/gcc/arm-none-eabi/4.9.3/../../../../arm-none-eabi/lib/armv7-m\libc_nano.a(lib_a-exit.o)
 .data          0x00000000        0x0 c:/siliconlabs/simplicitystudio/v4/developer/toolchains/gnu_arm/4.9_2015q3/bin/../lib/gcc/arm-none-eabi/4.9.3/../../../../arm-none-eabi/lib/armv7-m\libc_nano.a(lib_a-exit.o)
 .bss           0x00000000        0x0 c:/siliconlabs/simplicitystudio/v4/developer/toolchains/gnu_arm/4.9_2015q3/bin/../lib/gcc/arm-none-eabi/4.9.3/../../../../arm-none-eabi/lib/armv7-m\libc_nano.a(lib_a-exit.o)
 .text          0x00000000        0x0 c:/siliconlabs/simplicitystudio/v4/developer/toolchains/gnu_arm/4.9_2015q3/bin/../lib/gcc/arm-none-eabi/4.9.3/../../../../arm-none-eabi/lib/armv7-m\libc_nano.a(lib_a-impure.o)
 .data          0x00000000        0x0 c:/siliconlabs/simplicitystudio/v4/developer/toolchains/gnu_arm/4.9_2015q3/bin/../lib/gcc/arm-none-eabi/4.9.3/../../../../arm-none-eabi/lib/armv7-m\libc_nano.a(lib_a-impure.o)
 .bss           0x00000000        0x0 c:/siliconlabs/simplicitystudio/v4/developer/toolchains/gnu_arm/4.9_2015q3/bin/../lib/gcc/arm-none-eabi/4.9.3/../../../../arm-none-eabi/lib/armv7-m\libc_nano.a(lib_a-impure.o)
 .data._impure_ptr
                0x00000000        0x4 c:/siliconlabs/simplicitystudio/v4/developer/toolchains/gnu_arm/4.9_2015q3/bin/../lib/gcc/arm-none-eabi/4.9.3/../../../../arm-none-eabi/lib/armv7-m\libc_nano.a(lib_a-impure.o)
 .text          0x00000000        0x0 c:/siliconlabs/simplicitystudio/v4/developer/toolchains/gnu_arm/4.9_2015q3/bin/../lib/gcc/arm-none-eabi/4.9.3/../../../../arm-none-eabi/lib/armv7-m\libc_nano.a(lib_a-init.o)
 .data          0x00000000        0x0 c:/siliconlabs/simplicitystudio/v4/developer/toolchains/gnu_arm/4.9_2015q3/bin/../lib/gcc/arm-none-eabi/4.9.3/../../../../arm-none-eabi/lib/armv7-m\libc_nano.a(lib_a-init.o)
 .bss           0x00000000        0x0 c:/siliconlabs/simplicitystudio/v4/developer/toolchains/gnu_arm/4.9_2015q3/bin/../lib/gcc/arm-none-eabi/4.9.3/../../../../arm-none-eabi/lib/armv7-m\libc_nano.a(lib_a-init.o)
 .text          0x00000000        0x0 c:/siliconlabs/simplicitystudio/v4/developer/toolchains/gnu_arm/4.9_2015q3/bin/../lib/gcc/arm-none-eabi/4.9.3/../../../../arm-none-eabi/lib/armv7-m\libc_nano.a(lib_a-memset.o)
 .data          0x00000000        0x0 c:/siliconlabs/simplicitystudio/v4/developer/toolchains/gnu_arm/4.9_2015q3/bin/../lib/gcc/arm-none-eabi/4.9.3/../../../../arm-none-eabi/lib/armv7-m\libc_nano.a(lib_a-memset.o)
 .bss           0x00000000        0x0 c:/siliconlabs/simplicitystudio/v4/developer/toolchains/gnu_arm/4.9_2015q3/bin/../lib/gcc/arm-none-eabi/4.9.3/../../../../arm-none-eabi/lib/armv7-m\libc_nano.a(lib_a-memset.o)
 .text          0x00000000        0x0 c:/siliconlabs/simplicitystudio/v4/developer/toolchains/gnu_arm/4.9_2015q3/bin/../lib/gcc/arm-none-eabi/4.9.3/../../../../arm-none-eabi/lib/armv7-m\libc_nano.a(lib_a-strlen.o)
 .data          0x00000000        0x0 c:/siliconlabs/simplicitystudio/v4/developer/toolchains/gnu_arm/4.9_2015q3/bin/../lib/gcc/arm-none-eabi/4.9.3/../../../../arm-none-eabi/lib/armv7-m\libc_nano.a(lib_a-strlen.o)
 .bss           0x00000000        0x0 c:/siliconlabs/simplicitystudio/v4/developer/toolchains/gnu_arm/4.9_2015q3/bin/../lib/gcc/arm-none-eabi/4.9.3/../../../../arm-none-eabi/lib/armv7-m\libc_nano.a(lib_a-strlen.o)
 .text.strlen   0x00000000       0x10 c:/siliconlabs/simplicitystudio/v4/developer/toolchains/gnu_arm/4.9_2015q3/bin/../lib/gcc/arm-none-eabi/4.9.3/../../../../arm-none-eabi/lib/armv7-m\libc_nano.a(lib_a-strlen.o)
 .debug_frame   0x00000000       0x20 c:/siliconlabs/simplicitystudio/v4/developer/toolchains/gnu_arm/4.9_2015q3/bin/../lib/gcc/arm-none-eabi/4.9.3/../../../../arm-none-eabi/lib/armv7-m\libc_nano.a(lib_a-strlen.o)
 .ARM.attributes
                0x00000000       0x2d c:/siliconlabs/simplicitystudio/v4/developer/toolchains/gnu_arm/4.9_2015q3/bin/../lib/gcc/arm-none-eabi/4.9.3/../../../../arm-none-eabi/lib/armv7-m\libc_nano.a(lib_a-strlen.o)
 .text          0x00000000        0x0 c:/siliconlabs/simplicitystudio/v4/developer/toolchains/gnu_arm/4.9_2015q3/bin/../lib/gcc/arm-none-eabi/4.9.3/../../../../arm-none-eabi/lib/armv7-m\libnosys.a(_exit.o)
 .data          0x00000000        0x0 c:/siliconlabs/simplicitystudio/v4/developer/toolchains/gnu_arm/4.9_2015q3/bin/../lib/gcc/arm-none-eabi/4.9.3/../../../../arm-none-eabi/lib/armv7-m\libnosys.a(_exit.o)
 .bss           0x00000000        0x0 c:/siliconlabs/simplicitystudio/v4/developer/toolchains/gnu_arm/4.9_2015q3/bin/../lib/gcc/arm-none-eabi/4.9.3/../../../../arm-none-eabi/lib/armv7-m\libnosys.a(_exit.o)
 .text          0x00000000        0x0 c:/siliconlabs/simplicitystudio/v4/developer/toolchains/gnu_arm/4.9_2015q3/bin/../lib/gcc/arm-none-eabi/4.9.3/armv7-m/crtend.o
 .data          0x00000000        0x0 c:/siliconlabs/simplicitystudio/v4/developer/toolchains/gnu_arm/4.9_2015q3/bin/../lib/gcc/arm-none-eabi/4.9.3/armv7-m/crtend.o
 .bss           0x00000000        0x0 c:/siliconlabs/simplicitystudio/v4/developer/toolchains/gnu_arm/4.9_2015q3/bin/../lib/gcc/arm-none-eabi/4.9.3/armv7-m/crtend.o
 .text          0x00000000        0x0 c:/siliconlabs/simplicitystudio/v4/developer/toolchains/gnu_arm/4.9_2015q3/bin/../lib/gcc/arm-none-eabi/4.9.3/armv7-m/crtn.o
 .data          0x00000000        0x0 c:/siliconlabs/simplicitystudio/v4/developer/toolchains/gnu_arm/4.9_2015q3/bin/../lib/gcc/arm-none-eabi/4.9.3/armv7-m/crtn.o
 .bss           0x00000000        0x0 c:/siliconlabs/simplicitystudio/v4/developer/toolchains/gnu_arm/4.9_2015q3/bin/../lib/gcc/arm-none-eabi/4.9.3/armv7-m/crtn.o

Memory Configuration

Name             Origin             Length             Attributes
FLASH            0x00000000         0x00100000         xr
RAM              0x20000000         0x00020000         xrw
*default*        0x00000000         0xffffffff

Linker script and memory map

LOAD c:/siliconlabs/simplicitystudio/v4/developer/toolchains/gnu_arm/4.9_2015q3/bin/../lib/gcc/arm-none-eabi/4.9.3/armv7-m/crti.o
LOAD c:/siliconlabs/simplicitystudio/v4/developer/toolchains/gnu_arm/4.9_2015q3/bin/../lib/gcc/arm-none-eabi/4.9.3/armv7-m/crtbegin.o
LOAD c:/siliconlabs/simplicitystudio/v4/developer/toolchains/gnu_arm/4.9_2015q3/bin/../lib/gcc/arm-none-eabi/4.9.3/../../../../arm-none-eabi/lib/armv7-m/crt0.o
LOAD ./src/DisplayFunctions.o
LOAD ./src/GameFunctions.o
LOAD ./src/InitDevice.o
LOAD ./src/main.o
LOAD ./src/segmentlcd.o
LOAD ./emlib/em_adc.o
LOAD ./emlib/em_cmu.o
LOAD ./emlib/em_emu.o
LOAD ./emlib/em_gpio.o
LOAD ./emlib/em_lcd.o
LOAD ./emlib/em_system.o
LOAD ./emlib/em_timer.o
LOAD ./CMSIS/EFM32GG/startup_gcc_efm32gg.o
LOAD ./CMSIS/EFM32GG/system_efm32gg.o
START GROUP
LOAD c:/siliconlabs/simplicitystudio/v4/developer/toolchains/gnu_arm/4.9_2015q3/bin/../lib/gcc/arm-none-eabi/4.9.3/armv7-m\libgcc.a
LOAD c:/siliconlabs/simplicitystudio/v4/developer/toolchains/gnu_arm/4.9_2015q3/bin/../lib/gcc/arm-none-eabi/4.9.3/../../../../arm-none-eabi/lib/armv7-m\libc_nano.a
LOAD c:/siliconlabs/simplicitystudio/v4/developer/toolchains/gnu_arm/4.9_2015q3/bin/../lib/gcc/arm-none-eabi/4.9.3/../../../../arm-none-eabi/lib/armv7-m\libnosys.a
END GROUP
START GROUP
LOAD c:/siliconlabs/simplicitystudio/v4/developer/toolchains/gnu_arm/4.9_2015q3/bin/../lib/gcc/arm-none-eabi/4.9.3/armv7-m\libgcc.a
LOAD c:/siliconlabs/simplicitystudio/v4/developer/toolchains/gnu_arm/4.9_2015q3/bin/../lib/gcc/arm-none-eabi/4.9.3/../../../../arm-none-eabi/lib/armv7-m\libg_nano.a
LOAD c:/siliconlabs/simplicitystudio/v4/developer/toolchains/gnu_arm/4.9_2015q3/bin/../lib/gcc/arm-none-eabi/4.9.3/../../../../arm-none-eabi/lib/armv7-m\libc_nano.a
END GROUP
START GROUP
LOAD c:/siliconlabs/simplicitystudio/v4/developer/toolchains/gnu_arm/4.9_2015q3/bin/../lib/gcc/arm-none-eabi/4.9.3/armv7-m\libgcc.a
LOAD c:/siliconlabs/simplicitystudio/v4/developer/toolchains/gnu_arm/4.9_2015q3/bin/../lib/gcc/arm-none-eabi/4.9.3/../../../../arm-none-eabi/lib/armv7-m\libc_nano.a
END GROUP
LOAD c:/siliconlabs/simplicitystudio/v4/developer/toolchains/gnu_arm/4.9_2015q3/bin/../lib/gcc/arm-none-eabi/4.9.3/armv7-m/crtend.o
LOAD c:/siliconlabs/simplicitystudio/v4/developer/toolchains/gnu_arm/4.9_2015q3/bin/../lib/gcc/arm-none-eabi/4.9.3/armv7-m/crtn.o

.text           0x00000000     0x3ad4
 *(.vectors)
 .vectors       0x00000000       0xdc ./CMSIS/EFM32GG/startup_gcc_efm32gg.o
                0x00000000                __Vectors
                0x000000dc                __Vectors_End = .
                0x000000dc                __Vectors_Size = (__Vectors_End - __Vectors)
                0x000000dc                __end__ = .
 *(.text*)
 .text          0x000000dc       0x5c c:/siliconlabs/simplicitystudio/v4/developer/toolchains/gnu_arm/4.9_2015q3/bin/../lib/gcc/arm-none-eabi/4.9.3/armv7-m/crtbegin.o
 .text          0x00000138       0x74 c:/siliconlabs/simplicitystudio/v4/developer/toolchains/gnu_arm/4.9_2015q3/bin/../lib/gcc/arm-none-eabi/4.9.3/../../../../arm-none-eabi/lib/armv7-m/crt0.o
                0x00000138                _start
                0x00000138                _mainCRTStartup
 .text.LCD_FreezeEnable
                0x000001ac       0x2c ./src/DisplayFunctions.o
 .text.LCD_SyncBusyDelay
                0x000001d8       0x24 ./src/DisplayFunctions.o
 .text.ConvertToDisplayMtrx
                0x000001fc       0xe4 ./src/DisplayFunctions.o
                0x000001fc                ConvertToDisplayMtrx
 .text.ClearDisplay
                0x000002e0       0x50 ./src/DisplayFunctions.o
                0x000002e0                ClearDisplay
 .text.SendToDisplay
                0x00000330       0xbc ./src/DisplayFunctions.o
                0x00000330                SendToDisplay
 .text.DisplayDots
                0x000003ec       0xbc ./src/DisplayFunctions.o
                0x000003ec                DisplayDots
 .text.NumberDisplay
                0x000004a8      0x150 ./src/DisplayFunctions.o
                0x000004a8                NumberDisplay
 .text.ADC_DataSingleGet
                0x000005f8       0x18 ./src/GameFunctions.o
 .text.ADC_Start
                0x00000610       0x1c ./src/GameFunctions.o
 .text.GetRandomNumber
                0x0000062c       0x44 ./src/GameFunctions.o
                0x0000062c                GetRandomNumber
 .text.MakeFood
                0x00000670      0x2f4 ./src/GameFunctions.o
                0x00000670                MakeFood
 .text.SnakeInitialization
                0x00000964       0x4c ./src/GameFunctions.o
                0x00000964                SnakeInitialization
 .text.Position
                0x000009b0      0x7e0 ./src/GameFunctions.o
                0x000009b0                Position
 .text.NVIC_EnableIRQ
                0x00001190       0x30 ./src/InitDevice.o
 .text.TIMER_MaxCount
                0x000011c0       0x18 ./src/InitDevice.o
 .text.TIMER_CounterSet
                0x000011d8       0x1c ./src/InitDevice.o
 .text.TIMER_IntClear
                0x000011f4       0x1c ./src/InitDevice.o
 .text.TIMER_IntEnable
                0x00001210       0x20 ./src/InitDevice.o
 .text.TIMER_TopSet
                0x00001230       0x1c ./src/InitDevice.o
 .text.enter_DefaultMode_from_RESET
                0x0000124c       0x1c ./src/InitDevice.o
                0x0000124c                enter_DefaultMode_from_RESET
 .text.HFXO_enter_DefaultMode_from_RESET
                0x00001268       0x2c ./src/InitDevice.o
                0x00001268                HFXO_enter_DefaultMode_from_RESET
 .text.CMU_enter_DefaultMode_from_RESET
                0x00001294       0x48 ./src/InitDevice.o
                0x00001294                CMU_enter_DefaultMode_from_RESET
 .text.ADC0_enter_DefaultMode_from_RESET
                0x000012dc       0x80 ./src/InitDevice.o
                0x000012dc                ADC0_enter_DefaultMode_from_RESET
 .text.TIMER0_enter_DefaultMode_from_RESET
                0x0000135c       0x78 ./src/InitDevice.o
                0x0000135c                TIMER0_enter_DefaultMode_from_RESET
 .text.PORTIO_enter_DefaultMode_from_RESET
                0x000013d4       0x44 ./src/InitDevice.o
                0x000013d4                PORTIO_enter_DefaultMode_from_RESET
 .text.SYSTEM_GetProdRev
                0x00001418       0x1c ./src/main.o
 .text.GPIO_PortInGet
                0x00001434       0x50 ./src/main.o
 .text.CHIP_Init
                0x00001484       0x3c ./src/main.o
 .text.TIMER_IntClear
                0x000014c0       0x1c ./src/main.o
 .text.ButtonRead
                0x000014dc       0xf0 ./src/main.o
                0x000014dc                ButtonRead
 .text.main     0x000015cc       0xc0 ./src/main.o
                0x000015cc                main
 .text.TIMER0_IRQHandler
                0x0000168c       0x44 ./src/main.o
                0x0000168c                TIMER0_IRQHandler
 .text.LCD_SyncBusyDelay
                0x000016d0       0x24 ./src/segmentlcd.o
 .text.LCD_IntDisable
                0x000016f4       0x24 ./src/segmentlcd.o
 .text.SegmentLCD_AllOff
                0x00001718       0xac ./src/segmentlcd.o
                0x00001718                SegmentLCD_AllOff
 .text.SegmentLCD_AlphaNumberOff
                0x000017c4       0xa8 ./src/segmentlcd.o
                0x000017c4                SegmentLCD_AlphaNumberOff
 .text.SegmentLCD_Init
                0x0000186c       0xb8 ./src/segmentlcd.o
                0x0000186c                SegmentLCD_Init
 .text.ADC_LoadDevinfoCal
                0x00001924      0x13c ./emlib/em_adc.o
 .text.ADC_Init
                0x00001a60       0x88 ./emlib/em_adc.o
                0x00001a60                ADC_Init
 .text.ADC_InitSingle
                0x00001ae8       0x9c ./emlib/em_adc.o
                0x00001ae8                ADC_InitSingle
 .text.ADC_PrescaleCalc
                0x00001b84       0x64 ./emlib/em_adc.o
                0x00001b84                ADC_PrescaleCalc
 .text.ADC_TimebaseCalc
                0x00001be8       0x60 ./emlib/em_adc.o
                0x00001be8                ADC_TimebaseCalc
 .text.SYSTEM_GetProdRev
                0x00001c48       0x1c ./emlib/em_cmu.o
 .text.SYSTEM_GetFamily
                0x00001c64       0x20 ./emlib/em_cmu.o
 .text.BUS_RegBitWrite
                0x00001c84       0x2c ./emlib/em_cmu.o
 .text.BUS_RegBitRead
                0x00001cb0       0x2c ./emlib/em_cmu.o
 .text.CMU_DivToLog2
                0x00001cdc       0x34 ./emlib/em_cmu.o
 .text.maxFreqHfle
                0x00001d10       0x78 ./emlib/em_cmu.o
 .text.setHfLeConfig
                0x00001d88       0x3c ./emlib/em_cmu.o
 .text.getHfLeConfig
                0x00001dc4       0x2c ./emlib/em_cmu.o
 .text.auxClkGet
                0x00001df0       0xb0 ./emlib/em_cmu.o
 .text.dbgClkGet
                0x00001ea0       0x40 ./emlib/em_cmu.o
 .text.flashWaitStateControl
                0x00001ee0       0xb8 ./emlib/em_cmu.o
 .text.flashWaitStateMax
                0x00001f98       0x14 ./emlib/em_cmu.o
 .text.lfClkGet
                0x00001fac       0xec ./emlib/em_cmu.o
 .text.syncReg  0x00002098       0x34 ./emlib/em_cmu.o
 .text.usbCClkGet
                0x000020cc       0x4c ./emlib/em_cmu.o
 .text.CMU_ClockDivSet
                0x00002118      0x230 ./emlib/em_cmu.o
                0x00002118                CMU_ClockDivSet
 .text.CMU_ClockEnable
                0x00002348       0xd8 ./emlib/em_cmu.o
                0x00002348                CMU_ClockEnable
 .text.CMU_ClockFreqGet
                0x00002420      0x1d8 ./emlib/em_cmu.o
                0x00002420                CMU_ClockFreqGet
 .text.CMU_ClockSelectGet
                0x000025f8      0x160 ./emlib/em_cmu.o
                0x000025f8                CMU_ClockSelectGet
 .text.CMU_ClockSelectSet
                0x00002758      0x2c0 ./emlib/em_cmu.o
                0x00002758                CMU_ClockSelectSet
 .text.CMU_LCDClkFDIVSet
                0x00002a18       0x3c ./emlib/em_cmu.o
                0x00002a18                CMU_LCDClkFDIVSet
 .text.CMU_OscillatorEnable
                0x00002a54       0xc0 ./emlib/em_cmu.o
                0x00002a54                CMU_OscillatorEnable
 .text.CMU_Lock
                0x00002b14       0x18 ./emlib/em_emu.o
 .text.CMU_Unlock
                0x00002b2c       0x1c ./emlib/em_emu.o
 .text.emState  0x00002b48       0xd0 ./emlib/em_emu.o
 .text.EMU_UpdateOscConfig
                0x00002c18        0xc ./emlib/em_emu.o
                0x00002c18                EMU_UpdateOscConfig
 .text.GPIO_PinOutClear
                0x00002c24       0x58 ./emlib/em_gpio.o
 .text.GPIO_PinOutSet
                0x00002c7c       0x58 ./emlib/em_gpio.o
 .text.GPIO_PinModeSet
                0x00002cd4      0x10c ./emlib/em_gpio.o
                0x00002cd4                GPIO_PinModeSet
 .text.BUS_RegBitWrite
                0x00002de0       0x2c ./emlib/em_lcd.o
 .text.LCD_Enable
                0x00002e0c       0x38 ./emlib/em_lcd.o
 .text.LCD_Init
                0x00002e44       0x78 ./emlib/em_lcd.o
                0x00002e44                LCD_Init
 .text.LCD_VLCDSelect
                0x00002ebc       0x44 ./emlib/em_lcd.o
                0x00002ebc                LCD_VLCDSelect
 .text.LCD_SegmentRangeEnable
                0x00002f00       0x40 ./emlib/em_lcd.o
                0x00002f00                LCD_SegmentRangeEnable
 .text.LCD_SegmentSet
                0x00002f40      0x1e4 ./emlib/em_lcd.o
                0x00002f40                LCD_SegmentSet
 .text.LCD_SegmentSetLow
                0x00003124      0x17c ./emlib/em_lcd.o
                0x00003124                LCD_SegmentSetLow
 .text.LCD_SegmentSetHigh
                0x000032a0      0x17c ./emlib/em_lcd.o
                0x000032a0                LCD_SegmentSetHigh
 .text.LCD_VBoostSet
                0x0000341c       0x28 ./emlib/em_lcd.o
                0x0000341c                LCD_VBoostSet
 .text.SYSTEM_ChipRevisionGet
                0x00003444       0x74 ./emlib/em_system.o
                0x00003444                SYSTEM_ChipRevisionGet
 .text.TIMER_Valid
                0x000034b8       0x50 ./emlib/em_timer.o
 .text.TIMER_Init
                0x00003508       0xdc ./emlib/em_timer.o
                0x00003508                TIMER_Init
 .text          0x000035e4       0x30 ./CMSIS/EFM32GG/startup_gcc_efm32gg.o
                0x000035e4                Reset_Handler
                0x00003610                DebugMon_Handler
                0x00003610                USART0_TX_IRQHandler
                0x00003610                I2C0_IRQHandler
                0x00003610                HardFault_Handler
                0x00003610                LEUART1_IRQHandler
                0x00003610                SysTick_Handler
                0x00003610                USART1_RX_IRQHandler
                0x00003610                PendSV_Handler
                0x00003610                NMI_Handler
                0x00003610                I2C1_IRQHandler
                0x00003610                TIMER3_IRQHandler
                0x00003610                USART1_TX_IRQHandler
                0x00003610                MSC_IRQHandler
                0x00003610                ADC0_IRQHandler
                0x00003610                UsageFault_Handler
                0x00003610                LEUART0_IRQHandler
                0x00003610                GPIO_EVEN_IRQHandler
                0x00003610                UART0_TX_IRQHandler
                0x00003610                UART1_TX_IRQHandler
                0x00003610                RTC_IRQHandler
                0x00003610                TIMER2_IRQHandler
                0x00003610                LCD_IRQHandler
                0x00003610                PCNT2_IRQHandler
                0x00003610                UART0_RX_IRQHandler
                0x00003610                LETIMER0_IRQHandler
                0x00003610                TIMER1_IRQHandler
                0x00003610                USART2_RX_IRQHandler
                0x00003610                Default_Handler
                0x00003610                EMU_IRQHandler
                0x00003610                PCNT0_IRQHandler
                0x00003610                USB_IRQHandler
                0x00003610                BURTC_IRQHandler
                0x00003610                PCNT1_IRQHandler
                0x00003610                ACMP0_IRQHandler
                0x00003610                USART0_RX_IRQHandler
                0x00003610                MemManage_Handler
                0x00003610                SVC_Handler
                0x00003610                DAC0_IRQHandler
                0x00003610                UART1_RX_IRQHandler
                0x00003610                CMU_IRQHandler
                0x00003610                EBI_IRQHandler
                0x00003610                LESENSE_IRQHandler
                0x00003610                GPIO_ODD_IRQHandler
                0x00003610                AES_IRQHandler
                0x00003610                VCMP_IRQHandler
                0x00003610                DMA_IRQHandler
                0x00003610                BusFault_Handler
                0x00003610                USART2_TX_IRQHandler
 .text.GetProdRev
                0x00003614       0x1c ./CMSIS/EFM32GG/system_efm32gg.o
 .text.SystemCoreClockGet
                0x00003630       0x34 ./CMSIS/EFM32GG/system_efm32gg.o
                0x00003630                SystemCoreClockGet
 .text.SystemMaxCoreClockGet
                0x00003664       0x14 ./CMSIS/EFM32GG/system_efm32gg.o
                0x00003664                SystemMaxCoreClockGet
 .text.SystemHFClockGet
                0x00003678      0x100 ./CMSIS/EFM32GG/system_efm32gg.o
                0x00003678                SystemHFClockGet
 .text.SystemHFXOClockGet
                0x00003778       0x18 ./CMSIS/EFM32GG/system_efm32gg.o
                0x00003778                SystemHFXOClockGet
 .text.SystemHFXOClockSet
                0x00003790       0x2c ./CMSIS/EFM32GG/system_efm32gg.o
                0x00003790                SystemHFXOClockSet
 .text.SystemInit
                0x000037bc        0xc ./CMSIS/EFM32GG/system_efm32gg.o
                0x000037bc                SystemInit
 .text.SystemLFRCOClockGet
                0x000037c8       0x14 ./CMSIS/EFM32GG/system_efm32gg.o
                0x000037c8                SystemLFRCOClockGet
 .text.SystemULFRCOClockGet
                0x000037dc       0x14 ./CMSIS/EFM32GG/system_efm32gg.o
                0x000037dc                SystemULFRCOClockGet
 .text.SystemLFXOClockGet
                0x000037f0       0x18 ./CMSIS/EFM32GG/system_efm32gg.o
                0x000037f0                SystemLFXOClockGet
 .text.exit     0x00003808       0x28 c:/siliconlabs/simplicitystudio/v4/developer/toolchains/gnu_arm/4.9_2015q3/bin/../lib/gcc/arm-none-eabi/4.9.3/../../../../arm-none-eabi/lib/armv7-m\libc_nano.a(lib_a-exit.o)
                0x00003808                exit
 .text.__libc_init_array
                0x00003830       0x4c c:/siliconlabs/simplicitystudio/v4/developer/toolchains/gnu_arm/4.9_2015q3/bin/../lib/gcc/arm-none-eabi/4.9.3/../../../../arm-none-eabi/lib/armv7-m\libc_nano.a(lib_a-init.o)
                0x00003830                __libc_init_array
 .text.memset   0x0000387c       0x10 c:/siliconlabs/simplicitystudio/v4/developer/toolchains/gnu_arm/4.9_2015q3/bin/../lib/gcc/arm-none-eabi/4.9.3/../../../../arm-none-eabi/lib/armv7-m\libc_nano.a(lib_a-memset.o)
                0x0000387c                memset
 .text._exit    0x0000388c        0x4 c:/siliconlabs/simplicitystudio/v4/developer/toolchains/gnu_arm/4.9_2015q3/bin/../lib/gcc/arm-none-eabi/4.9.3/../../../../arm-none-eabi/lib/armv7-m\libnosys.a(_exit.o)
                0x0000388c                _exit
 *(.init)
 .init          0x00003890        0x4 c:/siliconlabs/simplicitystudio/v4/developer/toolchains/gnu_arm/4.9_2015q3/bin/../lib/gcc/arm-none-eabi/4.9.3/armv7-m/crti.o
                0x00003890                _init
 .init          0x00003894        0x8 c:/siliconlabs/simplicitystudio/v4/developer/toolchains/gnu_arm/4.9_2015q3/bin/../lib/gcc/arm-none-eabi/4.9.3/armv7-m/crtn.o
 *(.fini)
 .fini          0x0000389c        0x4 c:/siliconlabs/simplicitystudio/v4/developer/toolchains/gnu_arm/4.9_2015q3/bin/../lib/gcc/arm-none-eabi/4.9.3/armv7-m/crti.o
                0x0000389c                _fini
 .fini          0x000038a0        0x8 c:/siliconlabs/simplicitystudio/v4/developer/toolchains/gnu_arm/4.9_2015q3/bin/../lib/gcc/arm-none-eabi/4.9.3/armv7-m/crtn.o
 *crtbegin.o(.ctors)
 *crtbegin?.o(.ctors)
 *(EXCLUDE_FILE(*crtend.o *crtend?.o) .ctors)
 *(SORT(.ctors.*))
 *(.ctors)
 *crtbegin.o(.dtors)
 *crtbegin?.o(.dtors)
 *(EXCLUDE_FILE(*crtend.o *crtend?.o) .dtors)
 *(SORT(.dtors.*))
 *(.dtors)
 *(.rodata*)
 .rodata.EFM_Display
                0x000038a8      0x1fe ./src/DisplayFunctions.o
 *fill*         0x00003aa6        0x2 
 .rodata.Numbers
                0x00003aa8        0xa ./src/main.o
                0x00003aa8                Numbers
 *fill*         0x00003ab2        0x2 
 .rodata.lcdInit
                0x00003ab4       0x14 ./src/segmentlcd.o
 .rodata.str1.1
                0x00003ac8        0x2 c:/siliconlabs/simplicitystudio/v4/developer/toolchains/gnu_arm/4.9_2015q3/bin/../lib/gcc/arm-none-eabi/4.9.3/../../../../arm-none-eabi/lib/armv7-m\libc_nano.a(lib_a-impure.o)
 *fill*         0x00003aca        0x2 
 .rodata._global_impure_ptr
                0x00003acc        0x4 c:/siliconlabs/simplicitystudio/v4/developer/toolchains/gnu_arm/4.9_2015q3/bin/../lib/gcc/arm-none-eabi/4.9.3/../../../../arm-none-eabi/lib/armv7-m\libc_nano.a(lib_a-impure.o)
                0x00003acc                _global_impure_ptr
 *(.eh_frame*)
 .eh_frame      0x00003ad0        0x0 c:/siliconlabs/simplicitystudio/v4/developer/toolchains/gnu_arm/4.9_2015q3/bin/../lib/gcc/arm-none-eabi/4.9.3/armv7-m/crtbegin.o
 .eh_frame      0x00003ad0        0x4 c:/siliconlabs/simplicitystudio/v4/developer/toolchains/gnu_arm/4.9_2015q3/bin/../lib/gcc/arm-none-eabi/4.9.3/armv7-m/crtend.o

.glue_7         0x00003ad4        0x0
 .glue_7        0x00000000        0x0 linker stubs

.glue_7t        0x00003ad4        0x0
 .glue_7t       0x00000000        0x0 linker stubs

.vfp11_veneer   0x00003ad4        0x0
 .vfp11_veneer  0x00000000        0x0 linker stubs

.v4_bx          0x00003ad4        0x0
 .v4_bx         0x00000000        0x0 linker stubs

.iplt           0x00003ad4        0x0
 .iplt          0x00000000        0x0 c:/siliconlabs/simplicitystudio/v4/developer/toolchains/gnu_arm/4.9_2015q3/bin/../lib/gcc/arm-none-eabi/4.9.3/armv7-m/crtbegin.o

.ARM.extab
 *(.ARM.extab* .gnu.linkonce.armextab.*)
                0x00003ad4                __exidx_start = .

.ARM.exidx      0x00003ad4        0x8
 *(.ARM.exidx* .gnu.linkonce.armexidx.*)
 .ARM.exidx     0x00003ad4        0x8 c:/siliconlabs/simplicitystudio/v4/developer/toolchains/gnu_arm/4.9_2015q3/bin/../lib/gcc/arm-none-eabi/4.9.3/../../../../arm-none-eabi/lib/armv7-m/crt0.o
                0x00003adc                __exidx_end = .
                0x00003adc                __etext = .

.rel.dyn        0x00003adc        0x0
 .rel.iplt      0x00000000        0x0 c:/siliconlabs/simplicitystudio/v4/developer/toolchains/gnu_arm/4.9_2015q3/bin/../lib/gcc/arm-none-eabi/4.9.3/armv7-m/crtbegin.o

.data           0x20000000       0x80 load address 0x00003adc
                0x20000000                __data_start__ = .
 *(vtable)
 *(.data*)
 .data.Button0Mask
                0x20000000        0x2 ./src/main.o
                0x20000000                Button0Mask
 .data.Button1Mask
                0x20000002        0x2 ./src/main.o
                0x20000002                Button1Mask
 .data.Button0LastState
                0x20000004        0x1 ./src/main.o
                0x20000004                Button0LastState
 .data.Button1LastState
                0x20000005        0x1 ./src/main.o
                0x20000005                Button1LastState
 .data.DotToggleState
                0x20000006        0x1 ./src/main.o
                0x20000006                DotToggleState
 *fill*         0x20000007        0x1 
 .data.SystemHFXOClock
                0x20000008        0x4 ./CMSIS/EFM32GG/system_efm32gg.o
 .data.SystemLFXOClock
                0x2000000c        0x4 ./CMSIS/EFM32GG/system_efm32gg.o
 .data.SystemCoreClock
                0x20000010        0x4 ./CMSIS/EFM32GG/system_efm32gg.o
                0x20000010                SystemCoreClock
 .data.impure_data
                0x20000014       0x60 c:/siliconlabs/simplicitystudio/v4/developer/toolchains/gnu_arm/4.9_2015q3/bin/../lib/gcc/arm-none-eabi/4.9.3/../../../../arm-none-eabi/lib/armv7-m\libc_nano.a(lib_a-impure.o)
                0x20000074                . = ALIGN (0x4)
 *(.ram)
                0x20000074                . = ALIGN (0x4)
                0x20000074                PROVIDE (__preinit_array_start, .)
 *(.preinit_array)
                0x20000074                PROVIDE (__preinit_array_end, .)
                0x20000074                . = ALIGN (0x4)
                0x20000074                PROVIDE (__init_array_start, .)
 *(SORT(.init_array.*))
 *(.init_array)
 .init_array    0x20000074        0x4 c:/siliconlabs/simplicitystudio/v4/developer/toolchains/gnu_arm/4.9_2015q3/bin/../lib/gcc/arm-none-eabi/4.9.3/armv7-m/crtbegin.o
                0x20000078                PROVIDE (__init_array_end, .)
                0x20000078                . = ALIGN (0x4)
                0x20000078                PROVIDE (__fini_array_start, .)
 *(SORT(.fini_array.*))
 *(.fini_array)
 .fini_array    0x20000078        0x4 c:/siliconlabs/simplicitystudio/v4/developer/toolchains/gnu_arm/4.9_2015q3/bin/../lib/gcc/arm-none-eabi/4.9.3/armv7-m/crtbegin.o
                0x2000007c                PROVIDE (__fini_array_end, .)
 *(.jcr*)
 .jcr           0x2000007c        0x0 c:/siliconlabs/simplicitystudio/v4/developer/toolchains/gnu_arm/4.9_2015q3/bin/../lib/gcc/arm-none-eabi/4.9.3/armv7-m/crtbegin.o
 .jcr           0x2000007c        0x4 c:/siliconlabs/simplicitystudio/v4/developer/toolchains/gnu_arm/4.9_2015q3/bin/../lib/gcc/arm-none-eabi/4.9.3/armv7-m/crtend.o
                0x20000080                . = ALIGN (0x4)
                0x20000080                __data_end__ = .

.igot.plt       0x20000080        0x0 load address 0x00003b5c
 .igot.plt      0x00000000        0x0 c:/siliconlabs/simplicitystudio/v4/developer/toolchains/gnu_arm/4.9_2015q3/bin/../lib/gcc/arm-none-eabi/4.9.3/armv7-m/crtbegin.o

.bss            0x20000080      0x120 load address 0x00003b5c
                0x20000080                . = ALIGN (0x4)
                0x20000080                __bss_start__ = .
 *(.bss*)
 .bss           0x20000080       0x1c c:/siliconlabs/simplicitystudio/v4/developer/toolchains/gnu_arm/4.9_2015q3/bin/../lib/gcc/arm-none-eabi/4.9.3/armv7-m/crtbegin.o
 .bss.TimeTick  0x2000009c        0x1 ./src/main.o
                0x2000009c                TimeTick
 *fill*         0x2000009d        0x1 
 .bss.TimerVar  0x2000009e        0x2 ./src/main.o
                0x2000009e                TimerVar
 .bss.ButtonInhibit
                0x200000a0        0x1 ./src/main.o
                0x200000a0                ButtonInhibit
 *fill*         0x200000a1        0x3 
 .bss.cmuStatus.6236
                0x200000a4        0x4 ./emlib/em_emu.o
 .bss.hfClock.6237
                0x200000a8        0x1 ./emlib/em_emu.o
 *(COMMON)
 *fill*         0x200000a9        0x3 
 COMMON         0x200000ac       0xf4 ./src/main.o
                0x200000ac                Food
                0x200000ae                Game
                0x200000af                Dir
                0x200000b0                LastDir
                0x200000b1                Length
                0x200000b4                FoodPossibilities
                0x200000fe                NewDir
                0x20000100                DisplayData
                0x20000164                Snake
                0x200001a0                . = ALIGN (0x4)
                0x200001a0                __bss_end__ = .

.heap           0x200001a0      0xc00
                0x200001a0                __HeapBase = .
                0x200001a0                __end__ = .
                0x200001a0                end = __end__
                0x200001a0                _end = __end__
 *(.heap*)
 .heap          0x200001a0      0xc00 ./CMSIS/EFM32GG/startup_gcc_efm32gg.o
                0x20000da0                __HeapLimit = .

.stack_dummy    0x200001a0      0x400
 *(.stack*)
 .stack         0x200001a0      0x400 ./CMSIS/EFM32GG/startup_gcc_efm32gg.o
                0x20020000                __StackTop = (ORIGIN (RAM) + 0x20000)
                0x2001fc00                __StackLimit = (__StackTop - SIZEOF (.stack_dummy))
                0x20020000                PROVIDE (__stack, __StackTop)
                0x00000001                ASSERT ((__StackLimit >= __HeapLimit), region RAM overflowed with stack)
                0x00000001                ASSERT ((0x100000 >= (__etext + SIZEOF (.data))), FLASH memory overflowed !)
OUTPUT(Snake.axf elf32-littlearm)

.ARM.attributes
                0x00000000       0x29
 .ARM.attributes
                0x00000000       0x1d c:/siliconlabs/simplicitystudio/v4/developer/toolchains/gnu_arm/4.9_2015q3/bin/../lib/gcc/arm-none-eabi/4.9.3/armv7-m/crti.o
 .ARM.attributes
                0x0000001d       0x2d c:/siliconlabs/simplicitystudio/v4/developer/toolchains/gnu_arm/4.9_2015q3/bin/../lib/gcc/arm-none-eabi/4.9.3/armv7-m/crtbegin.o
 .ARM.attributes
                0x0000004a       0x1b c:/siliconlabs/simplicitystudio/v4/developer/toolchains/gnu_arm/4.9_2015q3/bin/../lib/gcc/arm-none-eabi/4.9.3/../../../../arm-none-eabi/lib/armv7-m/crt0.o
 .ARM.attributes
                0x00000065       0x33 ./src/DisplayFunctions.o
 .ARM.attributes
                0x00000098       0x33 ./src/GameFunctions.o
 .ARM.attributes
                0x000000cb       0x33 ./src/InitDevice.o
 .ARM.attributes
                0x000000fe       0x33 ./src/main.o
 .ARM.attributes
                0x00000131       0x33 ./src/segmentlcd.o
 .ARM.attributes
                0x00000164       0x33 ./emlib/em_adc.o
 .ARM.attributes
                0x00000197       0x33 ./emlib/em_cmu.o
 .ARM.attributes
                0x000001ca       0x33 ./emlib/em_emu.o
 .ARM.attributes
                0x000001fd       0x33 ./emlib/em_gpio.o
 .ARM.attributes
                0x00000230       0x33 ./emlib/em_lcd.o
 .ARM.attributes
                0x00000263       0x33 ./emlib/em_system.o
 .ARM.attributes
                0x00000296       0x33 ./emlib/em_timer.o
 .ARM.attributes
                0x000002c9       0x1b ./CMSIS/EFM32GG/startup_gcc_efm32gg.o
 .ARM.attributes
                0x000002e4       0x33 ./CMSIS/EFM32GG/system_efm32gg.o
 .ARM.attributes
                0x00000317       0x2d c:/siliconlabs/simplicitystudio/v4/developer/toolchains/gnu_arm/4.9_2015q3/bin/../lib/gcc/arm-none-eabi/4.9.3/../../../../arm-none-eabi/lib/armv7-m\libc_nano.a(lib_a-exit.o)
 .ARM.attributes
                0x00000344       0x2d c:/siliconlabs/simplicitystudio/v4/developer/toolchains/gnu_arm/4.9_2015q3/bin/../lib/gcc/arm-none-eabi/4.9.3/../../../../arm-none-eabi/lib/armv7-m\libc_nano.a(lib_a-impure.o)
 .ARM.attributes
                0x00000371       0x2d c:/siliconlabs/simplicitystudio/v4/developer/toolchains/gnu_arm/4.9_2015q3/bin/../lib/gcc/arm-none-eabi/4.9.3/../../../../arm-none-eabi/lib/armv7-m\libc_nano.a(lib_a-init.o)
 .ARM.attributes
                0x0000039e       0x2d c:/siliconlabs/simplicitystudio/v4/developer/toolchains/gnu_arm/4.9_2015q3/bin/../lib/gcc/arm-none-eabi/4.9.3/../../../../arm-none-eabi/lib/armv7-m\libc_nano.a(lib_a-memset.o)
 .ARM.attributes
                0x000003cb       0x2d c:/siliconlabs/simplicitystudio/v4/developer/toolchains/gnu_arm/4.9_2015q3/bin/../lib/gcc/arm-none-eabi/4.9.3/../../../../arm-none-eabi/lib/armv7-m\libnosys.a(_exit.o)
 .ARM.attributes
                0x000003f8       0x2d c:/siliconlabs/simplicitystudio/v4/developer/toolchains/gnu_arm/4.9_2015q3/bin/../lib/gcc/arm-none-eabi/4.9.3/armv7-m/crtend.o
 .ARM.attributes
                0x00000425       0x1d c:/siliconlabs/simplicitystudio/v4/developer/toolchains/gnu_arm/4.9_2015q3/bin/../lib/gcc/arm-none-eabi/4.9.3/armv7-m/crtn.o

.comment        0x00000000       0x70
 .comment       0x00000000       0x70 ./src/DisplayFunctions.o
                                 0x71 (size before relaxing)
 .comment       0x00000000       0x71 ./src/GameFunctions.o
 .comment       0x00000000       0x71 ./src/InitDevice.o
 .comment       0x00000000       0x71 ./src/main.o
 .comment       0x00000000       0x71 ./src/segmentlcd.o
 .comment       0x00000000       0x71 ./emlib/em_adc.o
 .comment       0x00000000       0x71 ./emlib/em_cmu.o
 .comment       0x00000000       0x71 ./emlib/em_emu.o
 .comment       0x00000000       0x71 ./emlib/em_gpio.o
 .comment       0x00000000       0x71 ./emlib/em_lcd.o
 .comment       0x00000000       0x71 ./emlib/em_system.o
 .comment       0x00000000       0x71 ./emlib/em_timer.o
 .comment       0x00000000       0x71 ./CMSIS/EFM32GG/system_efm32gg.o

.debug_info     0x00000000     0xa513
 .debug_info    0x00000000      0x7ed ./src/DisplayFunctions.o
 .debug_info    0x000007ed      0x71f ./src/GameFunctions.o
 .debug_info    0x00000f0c     0x1649 ./src/InitDevice.o
 .debug_info    0x00002555      0xb5d ./src/main.o
 .debug_info    0x000030b2     0x1345 ./src/segmentlcd.o
 .debug_info    0x000043f7      0xcd8 ./emlib/em_adc.o
 .debug_info    0x000050cf     0x1455 ./emlib/em_cmu.o
 .debug_info    0x00006524     0x1276 ./emlib/em_emu.o
 .debug_info    0x0000779a      0x8a8 ./emlib/em_gpio.o
 .debug_info    0x00008042      0xc87 ./emlib/em_lcd.o
 .debug_info    0x00008cc9      0x4a9 ./emlib/em_system.o
 .debug_info    0x00009172      0xb5c ./emlib/em_timer.o
 .debug_info    0x00009cce       0x89 ./CMSIS/EFM32GG/startup_gcc_efm32gg.o
 .debug_info    0x00009d57      0x7bc ./CMSIS/EFM32GG/system_efm32gg.o

.debug_abbrev   0x00000000     0x181d
 .debug_abbrev  0x00000000      0x174 ./src/DisplayFunctions.o
 .debug_abbrev  0x00000174      0x1d2 ./src/GameFunctions.o
 .debug_abbrev  0x00000346      0x245 ./src/InitDevice.o
 .debug_abbrev  0x0000058b      0x1f2 ./src/main.o
 .debug_abbrev  0x0000077d      0x1b3 ./src/segmentlcd.o
 .debug_abbrev  0x00000930      0x1bd ./emlib/em_adc.o
 .debug_abbrev  0x00000aed      0x2d1 ./emlib/em_cmu.o
 .debug_abbrev  0x00000dbe      0x286 ./emlib/em_emu.o
 .debug_abbrev  0x00001044      0x1c2 ./emlib/em_gpio.o
 .debug_abbrev  0x00001206      0x1b3 ./emlib/em_lcd.o
 .debug_abbrev  0x000013b9      0x146 ./emlib/em_system.o
 .debug_abbrev  0x000014ff      0x190 ./emlib/em_timer.o
 .debug_abbrev  0x0000168f       0x14 ./CMSIS/EFM32GG/startup_gcc_efm32gg.o
 .debug_abbrev  0x000016a3      0x17a ./CMSIS/EFM32GG/system_efm32gg.o

.debug_loc      0x00000000     0x3d16
 .debug_loc     0x00000000      0x260 ./src/DisplayFunctions.o
 .debug_loc     0x00000260      0x1b2 ./src/GameFunctions.o
 .debug_loc     0x00000412      0xb9c ./src/InitDevice.o
 .debug_loc     0x00000fae      0x200 ./src/main.o
 .debug_loc     0x000011ae      0x65c ./src/segmentlcd.o
 .debug_loc     0x0000180a      0x23c ./emlib/em_adc.o
 .debug_loc     0x00001a46      0xc54 ./emlib/em_cmu.o
 .debug_loc     0x0000269a      0x63c ./emlib/em_emu.o
 .debug_loc     0x00002cd6      0x3d0 ./emlib/em_gpio.o
 .debug_loc     0x000030a6      0x5ec ./emlib/em_lcd.o
 .debug_loc     0x00003692       0xb8 ./emlib/em_system.o
 .debug_loc     0x0000374a      0x2b0 ./emlib/em_timer.o
 .debug_loc     0x000039fa      0x31c ./CMSIS/EFM32GG/system_efm32gg.o

.debug_aranges  0x00000000      0x7a0
 .debug_aranges
                0x00000000       0x50 ./src/DisplayFunctions.o
 .debug_aranges
                0x00000050       0x48 ./src/GameFunctions.o
 .debug_aranges
                0x00000098      0x170 ./src/InitDevice.o
 .debug_aranges
                0x00000208       0x50 ./src/main.o
 .debug_aranges
                0x00000258       0xc8 ./src/segmentlcd.o
 .debug_aranges
                0x00000320       0x50 ./emlib/em_adc.o
 .debug_aranges
                0x00000370      0x150 ./emlib/em_cmu.o
 .debug_aranges
                0x000004c0       0xc0 ./emlib/em_emu.o
 .debug_aranges
                0x00000580       0x70 ./emlib/em_gpio.o
 .debug_aranges
                0x000005f0       0xa0 ./emlib/em_lcd.o
 .debug_aranges
                0x00000690       0x28 ./emlib/em_system.o
 .debug_aranges
                0x000006b8       0x58 ./emlib/em_timer.o
 .debug_aranges
                0x00000710       0x20 ./CMSIS/EFM32GG/startup_gcc_efm32gg.o
 .debug_aranges
                0x00000730       0x70 ./CMSIS/EFM32GG/system_efm32gg.o

.debug_ranges   0x00000000      0x6b0
 .debug_ranges  0x00000000       0x40 ./src/DisplayFunctions.o
 .debug_ranges  0x00000040       0x38 ./src/GameFunctions.o
 .debug_ranges  0x00000078      0x160 ./src/InitDevice.o
 .debug_ranges  0x000001d8       0x40 ./src/main.o
 .debug_ranges  0x00000218       0xb8 ./src/segmentlcd.o
 .debug_ranges  0x000002d0       0x40 ./emlib/em_adc.o
 .debug_ranges  0x00000310      0x140 ./emlib/em_cmu.o
 .debug_ranges  0x00000450       0xb0 ./emlib/em_emu.o
 .debug_ranges  0x00000500       0x60 ./emlib/em_gpio.o
 .debug_ranges  0x00000560       0x90 ./emlib/em_lcd.o
 .debug_ranges  0x000005f0       0x18 ./emlib/em_system.o
 .debug_ranges  0x00000608       0x48 ./emlib/em_timer.o
 .debug_ranges  0x00000650       0x60 ./CMSIS/EFM32GG/system_efm32gg.o

.debug_line     0x00000000     0x45f9
 .debug_line    0x00000000      0x3ea ./src/DisplayFunctions.o
 .debug_line    0x000003ea      0x6b9 ./src/GameFunctions.o
 .debug_line    0x00000aa3      0x69e ./src/InitDevice.o
 .debug_line    0x00001141      0x43f ./src/main.o
 .debug_line    0x00001580      0x6f7 ./src/segmentlcd.o
 .debug_line    0x00001c77      0x3e7 ./emlib/em_adc.o
 .debug_line    0x0000205e      0x9dc ./emlib/em_cmu.o
 .debug_line    0x00002a3a      0x5b5 ./emlib/em_emu.o
 .debug_line    0x00002fef      0x4a1 ./emlib/em_gpio.o
 .debug_line    0x00003490      0x4fd ./emlib/em_lcd.o
 .debug_line    0x0000398d      0x2f6 ./emlib/em_system.o
 .debug_line    0x00003c83      0x5a5 ./emlib/em_timer.o
 .debug_line    0x00004228       0x72 ./CMSIS/EFM32GG/startup_gcc_efm32gg.o
 .debug_line    0x0000429a      0x35f ./CMSIS/EFM32GG/system_efm32gg.o

.debug_str      0x00000000     0x3bd7
 .debug_str     0x00000000      0x3dc ./src/DisplayFunctions.o
                                0x464 (size before relaxing)
 .debug_str     0x000003dc      0x13c ./src/GameFunctions.o
                                0x407 (size before relaxing)
 .debug_str     0x00000518     0x1545 ./src/InitDevice.o
                               0x1937 (size before relaxing)
 .debug_str     0x00001a5d      0x252 ./src/main.o
                                0x658 (size before relaxing)
 .debug_str     0x00001caf      0x692 ./src/segmentlcd.o
                                0xe2f (size before relaxing)
 .debug_str     0x00002341       0xcb ./emlib/em_adc.o
                                0xc70 (size before relaxing)
 .debug_str     0x0000240c      0x7d7 ./emlib/em_cmu.o
                                0xf54 (size before relaxing)
 .debug_str     0x00002be3      0x4e0 ./emlib/em_emu.o
                                0xc7a (size before relaxing)
 .debug_str     0x000030c3      0x17f ./emlib/em_gpio.o
                                0x69a (size before relaxing)
 .debug_str     0x00003242      0x34a ./emlib/em_lcd.o
                                0x993 (size before relaxing)
 .debug_str     0x0000358c       0x7d ./emlib/em_system.o
                                0x36c (size before relaxing)
 .debug_str     0x00003609      0x4c2 ./emlib/em_timer.o
                                0xa2e (size before relaxing)
 .debug_str     0x00003acb      0x10c ./CMSIS/EFM32GG/system_efm32gg.o
                                0x547 (size before relaxing)

.debug_frame    0x00000000     0x1d8c
 .debug_frame   0x00000000      0x11c ./src/DisplayFunctions.o
 .debug_frame   0x0000011c       0xe8 ./src/GameFunctions.o
 .debug_frame   0x00000204      0x590 ./src/InitDevice.o
 .debug_frame   0x00000794      0x104 ./src/main.o
 .debug_frame   0x00000898      0x310 ./src/segmentlcd.o
 .debug_frame   0x00000ba8      0x110 ./emlib/em_adc.o
 .debug_frame   0x00000cb8      0x5c0 ./emlib/em_cmu.o
 .debug_frame   0x00001278      0x2f8 ./emlib/em_emu.o
 .debug_frame   0x00001570      0x1c0 ./emlib/em_gpio.o
 .debug_frame   0x00001730      0x2a8 ./emlib/em_lcd.o
 .debug_frame   0x000019d8       0x60 ./emlib/em_system.o
 .debug_frame   0x00001a38      0x140 ./emlib/em_timer.o
 .debug_frame   0x00001b78      0x180 ./CMSIS/EFM32GG/system_efm32gg.o
 .debug_frame   0x00001cf8       0x28 c:/siliconlabs/simplicitystudio/v4/developer/toolchains/gnu_arm/4.9_2015q3/bin/../lib/gcc/arm-none-eabi/4.9.3/../../../../arm-none-eabi/lib/armv7-m\libc_nano.a(lib_a-exit.o)
 .debug_frame   0x00001d20       0x2c c:/siliconlabs/simplicitystudio/v4/developer/toolchains/gnu_arm/4.9_2015q3/bin/../lib/gcc/arm-none-eabi/4.9.3/../../../../arm-none-eabi/lib/armv7-m\libc_nano.a(lib_a-init.o)
 .debug_frame   0x00001d4c       0x20 c:/siliconlabs/simplicitystudio/v4/developer/toolchains/gnu_arm/4.9_2015q3/bin/../lib/gcc/arm-none-eabi/4.9.3/../../../../arm-none-eabi/lib/armv7-m\libc_nano.a(lib_a-memset.o)
 .debug_frame   0x00001d6c       0x20 c:/siliconlabs/simplicitystudio/v4/developer/toolchains/gnu_arm/4.9_2015q3/bin/../lib/gcc/arm-none-eabi/4.9.3/../../../../arm-none-eabi/lib/armv7-m\libnosys.a(_exit.o)
